Archive member included to satisfy reference by file (symbol)

/opt/Atollic_TrueSTUDIO_for_STM32_x86_64_9.0.1/ARMTools/bin/../lib/gcc/arm-atollic-eabi/6.3.1/../../../../arm-atollic-eabi/lib/armv7-m/libc_nano.a(lib_a-init.o)
                              startup/startup_stm32f103xe.o (__libc_init_array)
/opt/Atollic_TrueSTUDIO_for_STM32_x86_64_9.0.1/ARMTools/bin/../lib/gcc/arm-atollic-eabi/6.3.1/../../../../arm-atollic-eabi/lib/armv7-m/libc_nano.a(lib_a-snprintf.o)
                              Src/main.o (snprintf)
/opt/Atollic_TrueSTUDIO_for_STM32_x86_64_9.0.1/ARMTools/bin/../lib/gcc/arm-atollic-eabi/6.3.1/../../../../arm-atollic-eabi/lib/armv7-m/libc_nano.a(lib_a-impure.o)
                              /opt/Atollic_TrueSTUDIO_for_STM32_x86_64_9.0.1/ARMTools/bin/../lib/gcc/arm-atollic-eabi/6.3.1/../../../../arm-atollic-eabi/lib/armv7-m/libc_nano.a(lib_a-snprintf.o) (_impure_ptr)
/opt/Atollic_TrueSTUDIO_for_STM32_x86_64_9.0.1/ARMTools/bin/../lib/gcc/arm-atollic-eabi/6.3.1/../../../../arm-atollic-eabi/lib/armv7-m/libc_nano.a(lib_a-nano-svfprintf.o)
                              /opt/Atollic_TrueSTUDIO_for_STM32_x86_64_9.0.1/ARMTools/bin/../lib/gcc/arm-atollic-eabi/6.3.1/../../../../arm-atollic-eabi/lib/armv7-m/libc_nano.a(lib_a-snprintf.o) (_svfprintf_r)
/opt/Atollic_TrueSTUDIO_for_STM32_x86_64_9.0.1/ARMTools/bin/../lib/gcc/arm-atollic-eabi/6.3.1/../../../../arm-atollic-eabi/lib/armv7-m/libc_nano.a(lib_a-nano-vfprintf_i.o)
                              /opt/Atollic_TrueSTUDIO_for_STM32_x86_64_9.0.1/ARMTools/bin/../lib/gcc/arm-atollic-eabi/6.3.1/../../../../arm-atollic-eabi/lib/armv7-m/libc_nano.a(lib_a-nano-svfprintf.o) (_printf_i)
/opt/Atollic_TrueSTUDIO_for_STM32_x86_64_9.0.1/ARMTools/bin/../lib/gcc/arm-atollic-eabi/6.3.1/../../../../arm-atollic-eabi/lib/armv7-m/libc_nano.a(lib_a-memchr-stub.o)
                              /opt/Atollic_TrueSTUDIO_for_STM32_x86_64_9.0.1/ARMTools/bin/../lib/gcc/arm-atollic-eabi/6.3.1/../../../../arm-atollic-eabi/lib/armv7-m/libc_nano.a(lib_a-nano-svfprintf.o) (memchr)
/opt/Atollic_TrueSTUDIO_for_STM32_x86_64_9.0.1/ARMTools/bin/../lib/gcc/arm-atollic-eabi/6.3.1/../../../../arm-atollic-eabi/lib/armv7-m/libc_nano.a(lib_a-memcpy-stub.o)
                              /opt/Atollic_TrueSTUDIO_for_STM32_x86_64_9.0.1/ARMTools/bin/../lib/gcc/arm-atollic-eabi/6.3.1/../../../../arm-atollic-eabi/lib/armv7-m/libc_nano.a(lib_a-nano-svfprintf.o) (memcpy)
/opt/Atollic_TrueSTUDIO_for_STM32_x86_64_9.0.1/ARMTools/bin/../lib/gcc/arm-atollic-eabi/6.3.1/../../../../arm-atollic-eabi/lib/armv7-m/libc_nano.a(lib_a-memmove.o)
                              /opt/Atollic_TrueSTUDIO_for_STM32_x86_64_9.0.1/ARMTools/bin/../lib/gcc/arm-atollic-eabi/6.3.1/../../../../arm-atollic-eabi/lib/armv7-m/libc_nano.a(lib_a-nano-svfprintf.o) (memmove)
/opt/Atollic_TrueSTUDIO_for_STM32_x86_64_9.0.1/ARMTools/bin/../lib/gcc/arm-atollic-eabi/6.3.1/../../../../arm-atollic-eabi/lib/armv7-m/libc_nano.a(lib_a-nano-freer.o)
                              /opt/Atollic_TrueSTUDIO_for_STM32_x86_64_9.0.1/ARMTools/bin/../lib/gcc/arm-atollic-eabi/6.3.1/../../../../arm-atollic-eabi/lib/armv7-m/libc_nano.a(lib_a-nano-svfprintf.o) (_free_r)
/opt/Atollic_TrueSTUDIO_for_STM32_x86_64_9.0.1/ARMTools/bin/../lib/gcc/arm-atollic-eabi/6.3.1/../../../../arm-atollic-eabi/lib/armv7-m/libc_nano.a(lib_a-nano-mallocr.o)
                              /opt/Atollic_TrueSTUDIO_for_STM32_x86_64_9.0.1/ARMTools/bin/../lib/gcc/arm-atollic-eabi/6.3.1/../../../../arm-atollic-eabi/lib/armv7-m/libc_nano.a(lib_a-nano-svfprintf.o) (_malloc_r)
/opt/Atollic_TrueSTUDIO_for_STM32_x86_64_9.0.1/ARMTools/bin/../lib/gcc/arm-atollic-eabi/6.3.1/../../../../arm-atollic-eabi/lib/armv7-m/libc_nano.a(lib_a-nano-reallocr.o)
                              /opt/Atollic_TrueSTUDIO_for_STM32_x86_64_9.0.1/ARMTools/bin/../lib/gcc/arm-atollic-eabi/6.3.1/../../../../arm-atollic-eabi/lib/armv7-m/libc_nano.a(lib_a-nano-svfprintf.o) (_realloc_r)
/opt/Atollic_TrueSTUDIO_for_STM32_x86_64_9.0.1/ARMTools/bin/../lib/gcc/arm-atollic-eabi/6.3.1/../../../../arm-atollic-eabi/lib/armv7-m/libc_nano.a(lib_a-sbrkr.o)
                              /opt/Atollic_TrueSTUDIO_for_STM32_x86_64_9.0.1/ARMTools/bin/../lib/gcc/arm-atollic-eabi/6.3.1/../../../../arm-atollic-eabi/lib/armv7-m/libc_nano.a(lib_a-nano-mallocr.o) (_sbrk_r)
/opt/Atollic_TrueSTUDIO_for_STM32_x86_64_9.0.1/ARMTools/bin/../lib/gcc/arm-atollic-eabi/6.3.1/../../../../arm-atollic-eabi/lib/armv7-m/libc_nano.a(lib_a-mlock.o)
                              /opt/Atollic_TrueSTUDIO_for_STM32_x86_64_9.0.1/ARMTools/bin/../lib/gcc/arm-atollic-eabi/6.3.1/../../../../arm-atollic-eabi/lib/armv7-m/libc_nano.a(lib_a-nano-freer.o) (__malloc_lock)
/opt/Atollic_TrueSTUDIO_for_STM32_x86_64_9.0.1/ARMTools/bin/../lib/gcc/arm-atollic-eabi/6.3.1/../../../../arm-atollic-eabi/lib/armv7-m/libc_nano.a(lib_a-nano-msizer.o)
[...]
Memory Configuration

Name             Origin             Length             Attributes
RAM              0x0000000020000000 0x000000000000c000 xrw
FLASH            0x0000000008000000 0x0000000000040000 xr
*default*        0x0000000000000000 0xffffffffffffffff

Linker script and memory map

LOAD /opt/Atollic_TrueSTUDIO_for_STM32_x86_64_9.0.1/ARMTools/bin/../lib/gcc/arm-atollic-eabi/6.3.1/armv7-m/crti.o
LOAD /opt/Atollic_TrueSTUDIO_for_STM32_x86_64_9.0.1/ARMTools/bin/../lib/gcc/arm-atollic-eabi/6.3.1/armv7-m/crtbegin.o
LOAD Drivers/STM32F1xx_HAL_Driver/stm32f1xx_hal.o
LOAD Drivers/STM32F1xx_HAL_Driver/stm32f1xx_hal_adc.o
LOAD Drivers/STM32F1xx_HAL_Driver/stm32f1xx_hal_adc_ex.o
LOAD Drivers/STM32F1xx_HAL_Driver/stm32f1xx_hal_cortex.o
LOAD Drivers/STM32F1xx_HAL_Driver/stm32f1xx_hal_dma.o
LOAD Drivers/STM32F1xx_HAL_Driver/stm32f1xx_hal_flash.o
LOAD Drivers/STM32F1xx_HAL_Driver/stm32f1xx_hal_flash_ex.o
LOAD Drivers/STM32F1xx_HAL_Driver/stm32f1xx_hal_gpio.o
LOAD Drivers/STM32F1xx_HAL_Driver/stm32f1xx_hal_gpio_ex.o
LOAD Drivers/STM32F1xx_HAL_Driver/stm32f1xx_hal_pwr.o
LOAD Drivers/STM32F1xx_HAL_Driver/stm32f1xx_hal_rcc.o
LOAD Drivers/STM32F1xx_HAL_Driver/stm32f1xx_hal_rcc_ex.o
LOAD Drivers/STM32F1xx_HAL_Driver/stm32f1xx_hal_tim.o
LOAD Drivers/STM32F1xx_HAL_Driver/stm32f1xx_hal_tim_ex.o
LOAD Drivers/STM32F1xx_HAL_Driver/stm32f1xx_hal_uart.o
LOAD Src/main.o
LOAD Src/stm32f1xx_hal_msp.o
LOAD Src/stm32f1xx_it.o
LOAD Src/system_stm32f1xx.o
LOAD startup/startup_stm32f103xe.o
                0x0000000000000080                malloc_getpagesize_P = 0x80
START GROUP
LOAD /opt/Atollic_TrueSTUDIO_for_STM32_x86_64_9.0.1/ARMTools/bin/../lib/gcc/arm-atollic-eabi/6.3.1/../../../../arm-atollic-eabi/lib/armv7-m/libc_nano.a
LOAD /opt/Atollic_TrueSTUDIO_for_STM32_x86_64_9.0.1/ARMTools/bin/../lib/gcc/arm-atollic-eabi/6.3.1/../../../../arm-atollic-eabi/lib/armv7-m/libm.a
END GROUP
START GROUP
LOAD /opt/Atollic_TrueSTUDIO_for_STM32_x86_64_9.0.1/ARMTools/bin/../lib/gcc/arm-atollic-eabi/6.3.1/armv7-m/libgcc.a
LOAD /opt/Atollic_TrueSTUDIO_for_STM32_x86_64_9.0.1/ARMTools/bin/../lib/gcc/arm-atollic-eabi/6.3.1/../../../../arm-atollic-eabi/lib/armv7-m/libc_nano.a
END GROUP
START GROUP
LOAD /opt/Atollic_TrueSTUDIO_for_STM32_x86_64_9.0.1/ARMTools/bin/../lib/gcc/arm-atollic-eabi/6.3.1/armv7-m/libgcc.a
LOAD /opt/Atollic_TrueSTUDIO_for_STM32_x86_64_9.0.1/ARMTools/bin/../lib/gcc/arm-atollic-eabi/6.3.1/../../../../arm-atollic-eabi/lib/armv7-m/libc_nano.a
LOAD /opt/Atollic_TrueSTUDIO_for_STM32_x86_64_9.0.1/ARMTools/bin/../lib/gcc/arm-atollic-eabi/6.3.1/../../../../arm-atollic-eabi/lib/armv7-m/libnosys.a
END GROUP
START GROUP
LOAD /opt/Atollic_TrueSTUDIO_for_STM32_x86_64_9.0.1/ARMTools/bin/../lib/gcc/arm-atollic-eabi/6.3.1/armv7-m/libgcc.a
LOAD /opt/Atollic_TrueSTUDIO_for_STM32_x86_64_9.0.1/ARMTools/bin/../lib/gcc/arm-atollic-eabi/6.3.1/../../../../arm-atollic-eabi/lib/armv7-m/libc_nano.a
LOAD /opt/Atollic_TrueSTUDIO_for_STM32_x86_64_9.0.1/ARMTools/bin/../lib/gcc/arm-atollic-eabi/6.3.1/../../../../arm-atollic-eabi/lib/armv7-m/libnosys.a
END GROUP
LOAD /opt/Atollic_TrueSTUDIO_for_STM32_x86_64_9.0.1/ARMTools/bin/../lib/gcc/arm-atollic-eabi/6.3.1/armv7-m/crtend.o
LOAD /opt/Atollic_TrueSTUDIO_for_STM32_x86_64_9.0.1/ARMTools/bin/../lib/gcc/arm-atollic-eabi/6.3.1/armv7-m/crtn.o
                0x000000002000c000                _estack = 0x2000c000
                0x0000000000000200                _Min_Heap_Size = 0x200
                0x0000000000000400                _Min_Stack_Size = 0x400

.isr_vector     0x0000000008000000      0x1e4
                0x0000000008000000                . = ALIGN (0x4)
 *(.isr_vector)
 .isr_vector    0x0000000008000000      0x1e4 startup/startup_stm32f103xe.o
                0x0000000008000000                g_pfnVectors
                0x00000000080001e4                . = ALIGN (0x4)

.text           0x00000000080001e8     0x6bdc
                0x00000000080001e8                . = ALIGN (0x4)
 *(.text)
 .text          0x00000000080001e8       0x40 /opt/Atollic_TrueSTUDIO_for_STM32_x86_64_9.0.1/ARMTools/bin/../lib/gcc/arm-atollic-eabi/6.3.1/armv7-m/crtbegin.o
 .text          0x0000000008000228      0x370 /opt/Atollic_TrueSTUDIO_for_STM32_x86_64_9.0.1/ARMTools/bin/../lib/gcc/arm-atollic-eabi/6.3.1/armv7-m/libgcc.a(_arm_addsubdf3.o)
                0x0000000008000228                __aeabi_drsub
                0x0000000008000230                __aeabi_dsub
                0x0000000008000230                __subdf3
                0x0000000008000234                __adddf3
                0x0000000008000234                __aeabi_dadd
                0x00000000080004ac                __aeabi_ui2d
                0x00000000080004ac                __floatunsidf
                0x00000000080004cc                __floatsidf
                0x00000000080004cc                __aeabi_i2d
                0x00000000080004f0                __extendsfdf2
                0x00000000080004f0                __aeabi_f2d
                0x000000000800052c                __aeabi_ul2d
                0x000000000800052c                __floatundidf
                0x000000000800053c                __floatdidf
                0x000000000800053c                __aeabi_l2d
 .text          0x0000000008000598      0x424 /opt/Atollic_TrueSTUDIO_for_STM32_x86_64_9.0.1/ARMTools/bin/../lib/gcc/arm-atollic-eabi/6.3.1/armv7-m/libgcc.a(_arm_muldivdf3.o)
                0x0000000008000598                __aeabi_dmul
                0x0000000008000598                __muldf3
                0x00000000080007ec                __aeabi_ddiv
                0x00000000080007ec                __divdf3
 .text          0x00000000080009bc      0x110 /opt/Atollic_TrueSTUDIO_for_STM32_x86_64_9.0.1/ARMTools/bin/../lib/gcc/arm-atollic-eabi/6.3.1/armv7-m/libgcc.a(_arm_cmpdf2.o)
                0x00000000080009bc                __gtdf2
                0x00000000080009bc                __gedf2
                0x00000000080009c4                __ltdf2
                0x00000000080009c4                __ledf2
                0x00000000080009cc                __cmpdf2
                0x00000000080009cc                __eqdf2
                0x00000000080009cc                __nedf2
                0x0000000008000a48                __aeabi_cdrcmple
                0x0000000008000a58                __aeabi_cdcmple
                0x0000000008000a58                __aeabi_cdcmpeq
                0x0000000008000a68                __aeabi_dcmpeq
                0x0000000008000a7c                __aeabi_dcmplt
                0x0000000008000a90                __aeabi_dcmple
                0x0000000008000aa4                __aeabi_dcmpge
                0x0000000008000ab8                __aeabi_dcmpgt
 .text          0x0000000008000acc       0xa0 /opt/Atollic_TrueSTUDIO_for_STM32_x86_64_9.0.1/ARMTools/bin/../lib/gcc/arm-atollic-eabi/6.3.1/armv7-m/libgcc.a(_arm_truncdfsf2.o)
                0x0000000008000acc                __aeabi_d2f
                0x0000000008000acc                __truncdfsf2
 .text          0x0000000008000b6c      0x21c /opt/Atollic_TrueSTUDIO_for_STM32_x86_64_9.0.1/ARMTools/bin/../lib/gcc/arm-atollic-eabi/6.3.1/armv7-m/libgcc.a(_arm_addsubsf3.o)
                0x0000000008000b6c                __aeabi_frsub
                0x0000000008000b74                __subsf3
                0x0000000008000b74                __aeabi_fsub
                0x0000000008000b78                __aeabi_fadd
                0x0000000008000b78                __addsf3
                0x0000000008000cd8                __aeabi_ui2f
                0x0000000008000cd8                __floatunsisf
                0x0000000008000ce0                __aeabi_i2f
                0x0000000008000ce0                __floatsisf
                0x0000000008000cfc                __floatundisf
                0x0000000008000cfc                __aeabi_ul2f
                0x0000000008000d0c                __floatdisf
                0x0000000008000d0c                __aeabi_l2f
 .text          0x0000000008000d88      0x2a0 /opt/Atollic_TrueSTUDIO_for_STM32_x86_64_9.0.1/ARMTools/bin/../lib/gcc/arm-atollic-eabi/6.3.1/armv7-m/libgcc.a(_arm_muldivsf3.o)
                0x0000000008000d88                __mulsf3
                0x0000000008000d88                __aeabi_fmul
                0x0000000008000ef0                __divsf3
                0x0000000008000ef0                __aeabi_fdiv
 .text          0x0000000008001028       0xec /opt/Atollic_TrueSTUDIO_for_STM32_x86_64_9.0.1/ARMTools/bin/../lib/gcc/arm-atollic-eabi/6.3.1/armv7-m/libgcc.a(_arm_cmpsf2.o)
                0x0000000008001028                __gtsf2
                0x0000000008001028                __gesf2
                0x0000000008001030                __lesf2
                0x0000000008001030                __ltsf2
                0x0000000008001038                __nesf2
                0x0000000008001038                __eqsf2
                0x0000000008001038                __cmpsf2
                0x0000000008001098                __aeabi_cfrcmple
                0x00000000080010a0                __aeabi_cfcmple
                0x00000000080010a0                __aeabi_cfcmpeq
                0x00000000080010b0                __aeabi_fcmpeq
                0x00000000080010c4                __aeabi_fcmplt
                0x00000000080010d8                __aeabi_fcmple
                0x00000000080010ec                __aeabi_fcmpge
                0x0000000008001100                __aeabi_fcmpgt
 *(.text*)
 .text.HAL_Init
                0x0000000008001114       0x2c Drivers/STM32F1xx_HAL_Driver/stm32f1xx_hal.o
                0x0000000008001114                HAL_Init
 .text.HAL_InitTick
                0x0000000008001140       0x38 Drivers/STM32F1xx_HAL_Driver/stm32f1xx_hal.o
                0x0000000008001140                HAL_InitTick
 .text.HAL_IncTick
                0x0000000008001178       0x1c Drivers/STM32F1xx_HAL_Driver/stm32f1xx_hal.o
                0x0000000008001178                HAL_IncTick
 .text.HAL_GetTick
                0x0000000008001194       0x14 Drivers/STM32F1xx_HAL_Driver/stm32f1xx_hal.o
                0x0000000008001194                HAL_GetTick
 .text.HAL_Delay
                0x00000000080011a8       0x3a Drivers/STM32F1xx_HAL_Driver/stm32f1xx_hal.o
                0x00000000080011a8                HAL_Delay
 *fill*         0x00000000080011e2        0x2 
 .text.HAL_ADC_Init
                0x00000000080011e4      0x1d4 Drivers/STM32F1xx_HAL_Driver/stm32f1xx_hal_adc.o
                0x00000000080011e4                HAL_ADC_Init
 .text.HAL_ADC_Start_DMA
                0x00000000080013b8      0x1bc Drivers/STM32F1xx_HAL_Driver/stm32f1xx_hal_adc.o
                0x00000000080013b8                HAL_ADC_Start_DMA
 .text.HAL_ADC_IRQHandler
                0x0000000008001574      0x186 Drivers/STM32F1xx_HAL_Driver/stm32f1xx_hal_adc.o
                0x0000000008001574                HAL_ADC_IRQHandler
 .text.HAL_ADC_ConvCpltCallback
                0x00000000080016fa       0x12 Drivers/STM32F1xx_HAL_Driver/stm32f1xx_hal_adc.o
                0x00000000080016fa                HAL_ADC_ConvCpltCallback
 .text.HAL_ADC_ConvHalfCpltCallback
                0x000000000800170c       0x12 Drivers/STM32F1xx_HAL_Driver/stm32f1xx_hal_adc.o
                0x000000000800170c                HAL_ADC_ConvHalfCpltCallback
 .text.HAL_ADC_LevelOutOfWindowCallback
                0x000000000800171e       0x12 Drivers/STM32F1xx_HAL_Driver/stm32f1xx_hal_adc.o
                0x000000000800171e                HAL_ADC_LevelOutOfWindowCallback
 .text.HAL_ADC_ErrorCallback
                0x0000000008001730       0x12 Drivers/STM32F1xx_HAL_Driver/stm32f1xx_hal_adc.o
                0x0000000008001730                HAL_ADC_ErrorCallback
 *fill*         0x0000000008001742        0x2 
 .text.HAL_ADC_ConfigChannel
                0x0000000008001744      0x1f0 Drivers/STM32F1xx_HAL_Driver/stm32f1xx_hal_adc.o
                0x0000000008001744                HAL_ADC_ConfigChannel
 .text.ADC_Enable
                0x0000000008001934       0xa4 Drivers/STM32F1xx_HAL_Driver/stm32f1xx_hal_adc.o
                0x0000000008001934                ADC_Enable
 .text.ADC_ConversionStop_Disable
                0x00000000080019d8       0x74 Drivers/STM32F1xx_HAL_Driver/stm32f1xx_hal_adc.o
                0x00000000080019d8                ADC_ConversionStop_Disable
 .text.ADC_DMAConvCplt
                0x0000000008001a4c       0x7c Drivers/STM32F1xx_HAL_Driver/stm32f1xx_hal_adc.o
                0x0000000008001a4c                ADC_DMAConvCplt
 .text.ADC_DMAHalfConvCplt
                0x0000000008001ac8       0x1c Drivers/STM32F1xx_HAL_Driver/stm32f1xx_hal_adc.o
                0x0000000008001ac8                ADC_DMAHalfConvCplt
 .text.ADC_DMAError
                0x0000000008001ae4       0x34 Drivers/STM32F1xx_HAL_Driver/stm32f1xx_hal_adc.o
                0x0000000008001ae4                ADC_DMAError
 .text.HAL_ADCEx_InjectedConvCpltCallback
                0x0000000008001b18       0x12 Drivers/STM32F1xx_HAL_Driver/stm32f1xx_hal_adc_ex.o
                0x0000000008001b18                HAL_ADCEx_InjectedConvCpltCallback
 *fill*         0x0000000008001b2a        0x2 
 .text.NVIC_SetPriorityGrouping
                0x0000000008001b2c       0x48 Drivers/STM32F1xx_HAL_Driver/stm32f1xx_hal_cortex.o
 .text.NVIC_GetPriorityGrouping
                0x0000000008001b74       0x1c Drivers/STM32F1xx_HAL_Driver/stm32f1xx_hal_cortex.o
 .text.NVIC_EnableIRQ
                0x0000000008001b90       0x30 Drivers/STM32F1xx_HAL_Driver/stm32f1xx_hal_cortex.o
 .text.NVIC_SetPriority
                0x0000000008001bc0       0x54 Drivers/STM32F1xx_HAL_Driver/stm32f1xx_hal_cortex.o
 .text.NVIC_EncodePriority
                0x0000000008001c14       0x60 Drivers/STM32F1xx_HAL_Driver/stm32f1xx_hal_cortex.o
 .text.SysTick_Config
                0x0000000008001c74       0x44 Drivers/STM32F1xx_HAL_Driver/stm32f1xx_hal_cortex.o
 .text.HAL_NVIC_SetPriorityGrouping
                0x0000000008001cb8       0x16 Drivers/STM32F1xx_HAL_Driver/stm32f1xx_hal_cortex.o
                0x0000000008001cb8                HAL_NVIC_SetPriorityGrouping
 .text.HAL_NVIC_SetPriority
                0x0000000008001cce       0x38 Drivers/STM32F1xx_HAL_Driver/stm32f1xx_hal_cortex.o
                0x0000000008001cce                HAL_NVIC_SetPriority
 .text.HAL_NVIC_EnableIRQ
                0x0000000008001d06       0x1c Drivers/STM32F1xx_HAL_Driver/stm32f1xx_hal_cortex.o
                0x0000000008001d06                HAL_NVIC_EnableIRQ
 .text.HAL_SYSTICK_Config
                0x0000000008001d22       0x18 Drivers/STM32F1xx_HAL_Driver/stm32f1xx_hal_cortex.o
                0x0000000008001d22                HAL_SYSTICK_Config
 *fill*         0x0000000008001d3a        0x2 
 .text.HAL_SYSTICK_CLKSourceConfig
                0x0000000008001d3c       0x38 Drivers/STM32F1xx_HAL_Driver/stm32f1xx_hal_cortex.o
                0x0000000008001d3c                HAL_SYSTICK_CLKSourceConfig
 .text.HAL_SYSTICK_IRQHandler
                0x0000000008001d74        0xc Drivers/STM32F1xx_HAL_Driver/stm32f1xx_hal_cortex.o
                0x0000000008001d74                HAL_SYSTICK_IRQHandler
 .text.HAL_SYSTICK_Callback
                0x0000000008001d80        0xc Drivers/STM32F1xx_HAL_Driver/stm32f1xx_hal_cortex.o
                0x0000000008001d80                HAL_SYSTICK_Callback
 .text.HAL_DMA_Init
                0x0000000008001d8c      0x104 Drivers/STM32F1xx_HAL_Driver/stm32f1xx_hal_dma.o
                0x0000000008001d8c                HAL_DMA_Init
 .text.HAL_DMA_Start_IT
                0x0000000008001e90       0xbe Drivers/STM32F1xx_HAL_Driver/stm32f1xx_hal_dma.o
                0x0000000008001e90                HAL_DMA_Start_IT
 *fill*         0x0000000008001f4e        0x2 
 .text.HAL_DMA_Abort_IT
                0x0000000008001f50      0x23c Drivers/STM32F1xx_HAL_Driver/stm32f1xx_hal_dma.o
                0x0000000008001f50                HAL_DMA_Abort_IT
 .text.HAL_DMA_IRQHandler
                0x000000000800218c      0x4d0 Drivers/STM32F1xx_HAL_Driver/stm32f1xx_hal_dma.o
                0x000000000800218c                HAL_DMA_IRQHandler
 .text.DMA_SetConfig
                0x000000000800265c       0x5a Drivers/STM32F1xx_HAL_Driver/stm32f1xx_hal_dma.o
 *fill*         0x00000000080026b6        0x2 
 .text.HAL_GPIO_Init
                0x00000000080026b8      0x2dc Drivers/STM32F1xx_HAL_Driver/stm32f1xx_hal_gpio.o
                0x00000000080026b8                HAL_GPIO_Init
 .text.HAL_GPIO_ReadPin
                0x0000000008002994       0x2e Drivers/STM32F1xx_HAL_Driver/stm32f1xx_hal_gpio.o
                0x0000000008002994                HAL_GPIO_ReadPin
 .text.HAL_GPIO_WritePin
                0x00000000080029c2       0x30 Drivers/STM32F1xx_HAL_Driver/stm32f1xx_hal_gpio.o
                0x00000000080029c2                HAL_GPIO_WritePin
 *fill*         0x00000000080029f2        0x2 
 .text.HAL_RCC_OscConfig
                0x00000000080029f4      0x4c8 Drivers/STM32F1xx_HAL_Driver/stm32f1xx_hal_rcc.o
                0x00000000080029f4                HAL_RCC_OscConfig
 .text.HAL_RCC_ClockConfig
                0x0000000008002ebc      0x1e8 Drivers/STM32F1xx_HAL_Driver/stm32f1xx_hal_rcc.o
                0x0000000008002ebc                HAL_RCC_ClockConfig
 .text.HAL_RCC_GetSysClockFreq
                0x00000000080030a4       0xc4 Drivers/STM32F1xx_HAL_Driver/stm32f1xx_hal_rcc.o
                0x00000000080030a4                HAL_RCC_GetSysClockFreq
 .text.HAL_RCC_GetHCLKFreq
                0x0000000008003168       0x14 Drivers/STM32F1xx_HAL_Driver/stm32f1xx_hal_rcc.o
                0x0000000008003168                HAL_RCC_GetHCLKFreq
 .text.HAL_RCC_GetPCLK1Freq
                0x000000000800317c       0x28 Drivers/STM32F1xx_HAL_Driver/stm32f1xx_hal_rcc.o
                0x000000000800317c                HAL_RCC_GetPCLK1Freq
 .text.HAL_RCC_GetPCLK2Freq
                0x00000000080031a4       0x28 Drivers/STM32F1xx_HAL_Driver/stm32f1xx_hal_rcc.o
                0x00000000080031a4                HAL_RCC_GetPCLK2Freq
 .text.RCC_Delay
                0x00000000080031cc       0x3c Drivers/STM32F1xx_HAL_Driver/stm32f1xx_hal_rcc.o
 .text.HAL_RCCEx_PeriphCLKConfig
                0x0000000008003208      0x16c Drivers/STM32F1xx_HAL_Driver/stm32f1xx_hal_rcc_ex.o
                0x0000000008003208                HAL_RCCEx_PeriphCLKConfig
 .text.HAL_TIM_Base_Init
                0x0000000008003374       0x56 Drivers/STM32F1xx_HAL_Driver/stm32f1xx_hal_tim.o
                0x0000000008003374                HAL_TIM_Base_Init
 .text.HAL_TIM_Base_Start
                0x00000000080033ca       0x34 Drivers/STM32F1xx_HAL_Driver/stm32f1xx_hal_tim.o
                0x00000000080033ca                HAL_TIM_Base_Start
 .text.HAL_TIM_Base_Start_IT
                0x00000000080033fe       0x34 Drivers/STM32F1xx_HAL_Driver/stm32f1xx_hal_tim.o
                0x00000000080033fe                HAL_TIM_Base_Start_IT
 .text.HAL_TIM_OC_Init
                0x0000000008003432       0x56 Drivers/STM32F1xx_HAL_Driver/stm32f1xx_hal_tim.o
                0x0000000008003432                HAL_TIM_OC_Init
 .text.HAL_TIM_OC_MspInit
                0x0000000008003488       0x12 Drivers/STM32F1xx_HAL_Driver/stm32f1xx_hal_tim.o
                0x0000000008003488                HAL_TIM_OC_MspInit
 .text.HAL_TIM_PWM_Init
                0x000000000800349a       0x56 Drivers/STM32F1xx_HAL_Driver/stm32f1xx_hal_tim.o
                0x000000000800349a                HAL_TIM_PWM_Init
 .text.HAL_TIM_PWM_MspInit
                0x00000000080034f0       0x12 Drivers/STM32F1xx_HAL_Driver/stm32f1xx_hal_tim.o
                0x00000000080034f0                HAL_TIM_PWM_MspInit
 .text.HAL_TIM_IRQHandler
                0x0000000008003502      0x210 Drivers/STM32F1xx_HAL_Driver/stm32f1xx_hal_tim.o
                0x0000000008003502                HAL_TIM_IRQHandler
 *fill*         0x0000000008003712        0x2 
 .text.HAL_TIM_OC_ConfigChannel
                0x0000000008003714       0xc0 Drivers/STM32F1xx_HAL_Driver/stm32f1xx_hal_tim.o
                0x0000000008003714                HAL_TIM_OC_ConfigChannel
 .text.HAL_TIM_PWM_ConfigChannel
                0x00000000080037d4      0x18c Drivers/STM32F1xx_HAL_Driver/stm32f1xx_hal_tim.o
                0x00000000080037d4                HAL_TIM_PWM_ConfigChannel
 .text.HAL_TIM_ConfigClockSource
                0x0000000008003960      0x1b6 Drivers/STM32F1xx_HAL_Driver/stm32f1xx_hal_tim.o
                0x0000000008003960                HAL_TIM_ConfigClockSource
 .text.HAL_TIM_OC_DelayElapsedCallback
                0x0000000008003b16       0x12 Drivers/STM32F1xx_HAL_Driver/stm32f1xx_hal_tim.o
                0x0000000008003b16                HAL_TIM_OC_DelayElapsedCallback
 .text.HAL_TIM_IC_CaptureCallback
                0x0000000008003b28       0x12 Drivers/STM32F1xx_HAL_Driver/stm32f1xx_hal_tim.o
                0x0000000008003b28                HAL_TIM_IC_CaptureCallback
 .text.HAL_TIM_PWM_PulseFinishedCallback
                0x0000000008003b3a       0x12 Drivers/STM32F1xx_HAL_Driver/stm32f1xx_hal_tim.o
                0x0000000008003b3a                HAL_TIM_PWM_PulseFinishedCallback
 .text.HAL_TIM_TriggerCallback
                0x0000000008003b4c       0x12 Drivers/STM32F1xx_HAL_Driver/stm32f1xx_hal_tim.o
                0x0000000008003b4c                HAL_TIM_TriggerCallback
 *fill*         0x0000000008003b5e        0x2 
 .text.TIM_Base_SetConfig
                0x0000000008003b60       0xfc Drivers/STM32F1xx_HAL_Driver/stm32f1xx_hal_tim.o
                0x0000000008003b60                TIM_Base_SetConfig
 .text.TIM_OC1_SetConfig
                0x0000000008003c5c       0xec Drivers/STM32F1xx_HAL_Driver/stm32f1xx_hal_tim.o
 .text.TIM_OC2_SetConfig
                0x0000000008003d48       0xf4 Drivers/STM32F1xx_HAL_Driver/stm32f1xx_hal_tim.o
                0x0000000008003d48                TIM_OC2_SetConfig
 .text.TIM_OC3_SetConfig
                0x0000000008003e3c       0xf4 Drivers/STM32F1xx_HAL_Driver/stm32f1xx_hal_tim.o
 .text.TIM_OC4_SetConfig
                0x0000000008003f30       0xb4 Drivers/STM32F1xx_HAL_Driver/stm32f1xx_hal_tim.o
 .text.TIM_TI1_ConfigInputStage
                0x0000000008003fe4       0x64 Drivers/STM32F1xx_HAL_Driver/stm32f1xx_hal_tim.o
 .text.TIM_TI2_ConfigInputStage
                0x0000000008004048       0x66 Drivers/STM32F1xx_HAL_Driver/stm32f1xx_hal_tim.o
 .text.TIM_ITRx_SetConfig
                0x00000000080040ae       0x3e Drivers/STM32F1xx_HAL_Driver/stm32f1xx_hal_tim.o
 .text.TIM_ETR_SetConfig
                0x00000000080040ec       0x42 Drivers/STM32F1xx_HAL_Driver/stm32f1xx_hal_tim.o
 .text.HAL_TIMEx_ConfigBreakDeadTime
                0x000000000800412e       0xb0 Drivers/STM32F1xx_HAL_Driver/stm32f1xx_hal_tim_ex.o
                0x000000000800412e                HAL_TIMEx_ConfigBreakDeadTime
 .text.HAL_TIMEx_MasterConfigSynchronization
                0x00000000080041de       0x88 Drivers/STM32F1xx_HAL_Driver/stm32f1xx_hal_tim_ex.o
                0x00000000080041de                HAL_TIMEx_MasterConfigSynchronization
 .text.HAL_TIMEx_CommutationCallback
                0x0000000008004266       0x12 Drivers/STM32F1xx_HAL_Driver/stm32f1xx_hal_tim_ex.o
                0x0000000008004266                HAL_TIMEx_CommutationCallback
 .text.HAL_TIMEx_BreakCallback
                0x0000000008004278       0x12 Drivers/STM32F1xx_HAL_Driver/stm32f1xx_hal_tim_ex.o
                0x0000000008004278                HAL_TIMEx_BreakCallback
 .text.HAL_UART_Init
                0x000000000800428a       0x9a Drivers/STM32F1xx_HAL_Driver/stm32f1xx_hal_uart.o
                0x000000000800428a                HAL_UART_Init
 .text.HAL_UART_Transmit_IT
                0x0000000008004324       0x88 Drivers/STM32F1xx_HAL_Driver/stm32f1xx_hal_uart.o
                0x0000000008004324                HAL_UART_Transmit_IT
 .text.HAL_UART_Receive_DMA
                0x00000000080043ac      0x100 Drivers/STM32F1xx_HAL_Driver/stm32f1xx_hal_uart.o
                0x00000000080043ac                HAL_UART_Receive_DMA
 .text.HAL_UART_IRQHandler
                0x00000000080044ac      0x1f8 Drivers/STM32F1xx_HAL_Driver/stm32f1xx_hal_uart.o
                0x00000000080044ac                HAL_UART_IRQHandler
 .text.HAL_UART_TxCpltCallback
                0x00000000080046a4       0x12 Drivers/STM32F1xx_HAL_Driver/stm32f1xx_hal_uart.o
                0x00000000080046a4                HAL_UART_TxCpltCallback
 .text.HAL_UART_RxCpltCallback
                0x00000000080046b6       0x12 Drivers/STM32F1xx_HAL_Driver/stm32f1xx_hal_uart.o
                0x00000000080046b6                HAL_UART_RxCpltCallback
 .text.HAL_UART_RxHalfCpltCallback
                0x00000000080046c8       0x12 Drivers/STM32F1xx_HAL_Driver/stm32f1xx_hal_uart.o
                0x00000000080046c8                HAL_UART_RxHalfCpltCallback
 .text.HAL_UART_ErrorCallback
                0x00000000080046da       0x12 Drivers/STM32F1xx_HAL_Driver/stm32f1xx_hal_uart.o
                0x00000000080046da                HAL_UART_ErrorCallback
 .text.UART_DMAReceiveCplt
                0x00000000080046ec       0x68 Drivers/STM32F1xx_HAL_Driver/stm32f1xx_hal_uart.o
 .text.UART_DMARxHalfCplt
                0x0000000008004754       0x1c Drivers/STM32F1xx_HAL_Driver/stm32f1xx_hal_uart.o
 .text.UART_DMAError
                0x0000000008004770       0x94 Drivers/STM32F1xx_HAL_Driver/stm32f1xx_hal_uart.o
 .text.UART_EndTxTransfer
                0x0000000008004804       0x2a Drivers/STM32F1xx_HAL_Driver/stm32f1xx_hal_uart.o
 .text.UART_EndRxTransfer
                0x000000000800482e       0x3a Drivers/STM32F1xx_HAL_Driver/stm32f1xx_hal_uart.o
 .text.UART_DMAAbortOnError
                0x0000000008004868       0x28 Drivers/STM32F1xx_HAL_Driver/stm32f1xx_hal_uart.o
 .text.UART_Transmit_IT
                0x0000000008004890       0xa8 Drivers/STM32F1xx_HAL_Driver/stm32f1xx_hal_uart.o
 .text.UART_EndTransmit_IT
                0x0000000008004938       0x30 Drivers/STM32F1xx_HAL_Driver/stm32f1xx_hal_uart.o
 .text.UART_Receive_IT
                0x0000000008004968      0x102 Drivers/STM32F1xx_HAL_Driver/stm32f1xx_hal_uart.o
 *fill*         0x0000000008004a6a        0x2 
 .text.UART_SetConfig
                0x0000000008004a6c      0x230 Drivers/STM32F1xx_HAL_Driver/stm32f1xx_hal_uart.o
 *fill*         0x0000000008004c9c        0x4 
 .text.main     0x0000000008004ca0      0x770 Src/main.o
                0x0000000008004ca0                main
 .text.HAL_TIM_PeriodElapsedCallback
                0x0000000008005410      0x144 Src/main.o
                0x0000000008005410                HAL_TIM_PeriodElapsedCallback
 *fill*         0x0000000008005554        0x4 
 .text.battery_indicator
                0x0000000008005558      0x190 Src/main.o
                0x0000000008005558                battery_indicator
 .text.Motor_Forward
                0x00000000080056e8       0x24 Src/main.o
                0x00000000080056e8                Motor_Forward
 .text.Motor_Backward
                0x000000000800570c       0x24 Src/main.o
                0x000000000800570c                Motor_Backward
 .text.Motor_Off
                0x0000000008005730       0x24 Src/main.o
                0x0000000008005730                Motor_Off
 .text.get_data
                0x0000000008005754      0x1a0 Src/main.o
                0x0000000008005754                get_data
 .text.delay_us
                0x00000000080058f4       0x2c Src/main.o
                0x00000000080058f4                delay_us
 .text.SystemClock_Config
                0x0000000008005920       0xcc Src/main.o
                0x0000000008005920                SystemClock_Config
 .text.MX_ADC1_Init
                0x00000000080059ec       0xc8 Src/main.o
 .text.MX_TIM1_Init
                0x0000000008005ab4      0x130 Src/main.o
 .text.MX_TIM2_Init
                0x0000000008005be4       0xdc Src/main.o
 .text.MX_TIM3_Init
                0x0000000008005cc0       0x9c Src/main.o
 .text.MX_TIM4_Init
                0x0000000008005d5c       0x9c Src/main.o
 .text.MX_USART1_UART_Init
                0x0000000008005df8       0x5c Src/main.o
 .text.MX_DMA_Init
                0x0000000008005e54       0x4c Src/main.o
 .text.MX_GPIO_Init
                0x0000000008005ea0      0x114 Src/main.o
 .text._Error_Handler
                0x0000000008005fb4        0xc Src/main.o
                0x0000000008005fb4                _Error_Handler
 .text.HAL_MspInit
                0x0000000008005fc0       0xa0 Src/stm32f1xx_hal_msp.o
                0x0000000008005fc0                HAL_MspInit
 .text.HAL_ADC_MspInit
                0x0000000008006060       0xdc Src/stm32f1xx_hal_msp.o
                0x0000000008006060                HAL_ADC_MspInit
 .text.HAL_TIM_Base_MspInit
                0x000000000800613c       0xe0 Src/stm32f1xx_hal_msp.o
                0x000000000800613c                HAL_TIM_Base_MspInit
 .text.HAL_TIM_MspPostInit
                0x000000000800621c       0x3c Src/stm32f1xx_hal_msp.o
                0x000000000800621c                HAL_TIM_MspPostInit
 .text.HAL_UART_MspInit
                0x0000000008006258       0xe0 Src/stm32f1xx_hal_msp.o
                0x0000000008006258                HAL_UART_MspInit
 .text.NMI_Handler
                0x0000000008006338        0xc Src/stm32f1xx_it.o
                0x0000000008006338                NMI_Handler
 .text.HardFault_Handler
                0x0000000008006344        0x6 Src/stm32f1xx_it.o
                0x0000000008006344                HardFault_Handler
 .text.MemManage_Handler
                0x000000000800634a        0x6 Src/stm32f1xx_it.o
                0x000000000800634a                MemManage_Handler
 .text.BusFault_Handler
                0x0000000008006350        0x6 Src/stm32f1xx_it.o
                0x0000000008006350                BusFault_Handler
 .text.UsageFault_Handler
                0x0000000008006356        0x6 Src/stm32f1xx_it.o
                0x0000000008006356                UsageFault_Handler
 .text.SVC_Handler
                0x000000000800635c        0xc Src/stm32f1xx_it.o
                0x000000000800635c                SVC_Handler
 .text.DebugMon_Handler
                0x0000000008006368        0xc Src/stm32f1xx_it.o
                0x0000000008006368                DebugMon_Handler
 .text.PendSV_Handler
                0x0000000008006374        0xc Src/stm32f1xx_it.o
                0x0000000008006374                PendSV_Handler
 .text.SysTick_Handler
                0x0000000008006380       0x10 Src/stm32f1xx_it.o
                0x0000000008006380                SysTick_Handler
 .text.DMA1_Channel1_IRQHandler
                0x0000000008006390       0x14 Src/stm32f1xx_it.o
                0x0000000008006390                DMA1_Channel1_IRQHandler
 .text.DMA1_Channel5_IRQHandler
                0x00000000080063a4       0x14 Src/stm32f1xx_it.o
                0x00000000080063a4                DMA1_Channel5_IRQHandler
 .text.ADC1_2_IRQHandler
                0x00000000080063b8       0x14 Src/stm32f1xx_it.o
                0x00000000080063b8                ADC1_2_IRQHandler
 .text.TIM2_IRQHandler
                0x00000000080063cc       0x14 Src/stm32f1xx_it.o
                0x00000000080063cc                TIM2_IRQHandler
 .text.TIM3_IRQHandler
                0x00000000080063e0       0x14 Src/stm32f1xx_it.o
                0x00000000080063e0                TIM3_IRQHandler
 .text.TIM4_IRQHandler
                0x00000000080063f4       0x14 Src/stm32f1xx_it.o
                0x00000000080063f4                TIM4_IRQHandler
 .text.USART1_IRQHandler
                0x0000000008006408       0x14 Src/stm32f1xx_it.o
                0x0000000008006408                USART1_IRQHandler
 .text.SystemInit
                0x000000000800641c       0x68 Src/system_stm32f1xx.o
                0x000000000800641c                SystemInit
 .text.Reset_Handler
                0x0000000008006484       0x48 startup/startup_stm32f103xe.o
                0x0000000008006484                Reset_Handler
 .text.Default_Handler
                0x00000000080064cc        0x2 startup/startup_stm32f103xe.o
                0x00000000080064cc                RTC_Alarm_IRQHandler
                0x00000000080064cc                EXTI2_IRQHandler
                0x00000000080064cc                TIM8_TRG_COM_IRQHandler
                0x00000000080064cc                TIM8_CC_IRQHandler
                0x00000000080064cc                TIM1_CC_IRQHandler
                0x00000000080064cc                TIM6_IRQHandler
                0x00000000080064cc                PVD_IRQHandler
                0x00000000080064cc                SDIO_IRQHandler
                0x00000000080064cc                EXTI3_IRQHandler
                0x00000000080064cc                EXTI0_IRQHandler
                0x00000000080064cc                I2C2_EV_IRQHandler
                0x00000000080064cc                SPI1_IRQHandler
                0x00000000080064cc                TAMPER_IRQHandler
                0x00000000080064cc                TIM8_UP_IRQHandler
                0x00000000080064cc                DMA2_Channel2_IRQHandler
                0x00000000080064cc                DMA1_Channel4_IRQHandler
                0x00000000080064cc                USART3_IRQHandler
                0x00000000080064cc                RTC_IRQHandler
                0x00000000080064cc                DMA1_Channel7_IRQHandler
                0x00000000080064cc                CAN1_RX1_IRQHandler
                0x00000000080064cc                UART5_IRQHandler
                0x00000000080064cc                ADC3_IRQHandler
                0x00000000080064cc                DMA2_Channel1_IRQHandler
                0x00000000080064cc                I2C1_EV_IRQHandler
                0x00000000080064cc                DMA1_Channel6_IRQHandler
                0x00000000080064cc                UART4_IRQHandler
                0x00000000080064cc                RCC_IRQHandler
                0x00000000080064cc                TIM1_TRG_COM_IRQHandler
                0x00000000080064cc                Default_Handler
                0x00000000080064cc                EXTI15_10_IRQHandler
                0x00000000080064cc                TIM7_IRQHandler
                0x00000000080064cc                TIM5_IRQHandler
                0x00000000080064cc                EXTI9_5_IRQHandler
                0x00000000080064cc                SPI2_IRQHandler
                0x00000000080064cc                EXTI4_IRQHandler
                0x00000000080064cc                USB_LP_CAN1_RX0_IRQHandler
                0x00000000080064cc                USB_HP_CAN1_TX_IRQHandler
                0x00000000080064cc                DMA1_Channel3_IRQHandler
                0x00000000080064cc                FSMC_IRQHandler
                0x00000000080064cc                TIM1_UP_IRQHandler
                0x00000000080064cc                WWDG_IRQHandler
                0x00000000080064cc                TIM1_BRK_IRQHandler
                0x00000000080064cc                EXTI1_IRQHandler
                0x00000000080064cc                DMA2_Channel4_5_IRQHandler
                0x00000000080064cc                USART2_IRQHandler
                0x00000000080064cc                I2C2_ER_IRQHandler
                0x00000000080064cc                DMA1_Channel2_IRQHandler
                0x00000000080064cc                TIM8_BRK_IRQHandler
                0x00000000080064cc                CAN1_SCE_IRQHandler
                0x00000000080064cc                FLASH_IRQHandler
                0x00000000080064cc                SPI3_IRQHandler
                0x00000000080064cc                I2C1_ER_IRQHandler
                0x00000000080064cc                USBWakeUp_IRQHandler
                0x00000000080064cc                DMA2_Channel3_IRQHandler
 *fill*         0x00000000080064ce        0x2 
 .text.__libc_init_array
                0x00000000080064d0       0x48 /opt/Atollic_TrueSTUDIO_for_STM32_x86_64_9.0.1/ARMTools/bin/../lib/gcc/arm-atollic-eabi/6.3.1/../../../../arm-atollic-eabi/lib/armv7-m/libc_nano.a(lib_a-init.o)
                0x00000000080064d0                __libc_init_array
 .text.snprintf
                0x0000000008006518       0x68 /opt/Atollic_TrueSTUDIO_for_STM32_x86_64_9.0.1/ARMTools/bin/../lib/gcc/arm-atollic-eabi/6.3.1/../../../../arm-atollic-eabi/lib/armv7-m/libc_nano.a(lib_a-snprintf.o)
                0x0000000008006518                snprintf
                0x0000000008006518                sniprintf
 .text.__ssputs_r
                0x0000000008006580       0xb6 /opt/Atollic_TrueSTUDIO_for_STM32_x86_64_9.0.1/ARMTools/bin/../lib/gcc/arm-atollic-eabi/6.3.1/../../../../arm-atollic-eabi/lib/armv7-m/libc_nano.a(lib_a-nano-svfprintf.o)
                0x0000000008006580                __ssputs_r
 *fill*         0x0000000008006636        0x2 
 .text._svfprintf_r
                0x0000000008006638      0x1e8 /opt/Atollic_TrueSTUDIO_for_STM32_x86_64_9.0.1/ARMTools/bin/../lib/gcc/arm-atollic-eabi/6.3.1/../../../../arm-atollic-eabi/lib/armv7-m/libc_nano.a(lib_a-nano-svfprintf.o)
                0x0000000008006638                _svfprintf_r
                0x0000000008006638                _svfiprintf_r
 .text._printf_common
                0x0000000008006820       0xee /opt/Atollic_TrueSTUDIO_for_STM32_x86_64_9.0.1/ARMTools/bin/../lib/gcc/arm-atollic-eabi/6.3.1/../../../../arm-atollic-eabi/lib/armv7-m/libc_nano.a(lib_a-nano-vfprintf_i.o)
                0x0000000008006820                _printf_common
 *fill*         0x000000000800690e        0x2 
 .text._printf_i
                0x0000000008006910      0x240 /opt/Atollic_TrueSTUDIO_for_STM32_x86_64_9.0.1/ARMTools/bin/../lib/gcc/arm-atollic-eabi/6.3.1/../../../../arm-atollic-eabi/lib/armv7-m/libc_nano.a(lib_a-nano-vfprintf_i.o)
                0x0000000008006910                _printf_i
 .text.memchr   0x0000000008006b50       0x1c /opt/Atollic_TrueSTUDIO_for_STM32_x86_64_9.0.1/ARMTools/bin/../lib/gcc/arm-atollic-eabi/6.3.1/../../../../arm-atollic-eabi/lib/armv7-m/libc_nano.a(lib_a-memchr-stub.o)
                0x0000000008006b50                memchr
 .text.memcpy   0x0000000008006b6c       0x16 /opt/Atollic_TrueSTUDIO_for_STM32_x86_64_9.0.1/ARMTools/bin/../lib/gcc/arm-atollic-eabi/6.3.1/../../../../arm-atollic-eabi/lib/armv7-m/libc_nano.a(lib_a-memcpy-stub.o)
                0x0000000008006b6c                memcpy
 .text.memmove  0x0000000008006b82       0x34 /opt/Atollic_TrueSTUDIO_for_STM32_x86_64_9.0.1/ARMTools/bin/../lib/gcc/arm-atollic-eabi/6.3.1/../../../../arm-atollic-eabi/lib/armv7-m/libc_nano.a(lib_a-memmove.o)
                0x0000000008006b82                memmove
 *fill*         0x0000000008006bb6        0x2 
 .text._free_r  0x0000000008006bb8       0x98 /opt/Atollic_TrueSTUDIO_for_STM32_x86_64_9.0.1/ARMTools/bin/../lib/gcc/arm-atollic-eabi/6.3.1/../../../../arm-atollic-eabi/lib/armv7-m/libc_nano.a(lib_a-nano-freer.o)
                0x0000000008006bb8                _free_r
 .text._malloc_r
                0x0000000008006c50       0xbc /opt/Atollic_TrueSTUDIO_for_STM32_x86_64_9.0.1/ARMTools/bin/../lib/gcc/arm-atollic-eabi/6.3.1/../../../../arm-atollic-eabi/lib/armv7-m/libc_nano.a(lib_a-nano-mallocr.o)
                0x0000000008006c50                _malloc_r
 .text._realloc_r
                0x0000000008006d0c       0x4c /opt/Atollic_TrueSTUDIO_for_STM32_x86_64_9.0.1/ARMTools/bin/../lib/gcc/arm-atollic-eabi/6.3.1/../../../../arm-atollic-eabi/lib/armv7-m/libc_nano.a(lib_a-nano-reallocr.o)
                0x0000000008006d0c                _realloc_r
 .text._sbrk_r  0x0000000008006d58       0x20 /opt/Atollic_TrueSTUDIO_for_STM32_x86_64_9.0.1/ARMTools/bin/../lib/gcc/arm-atollic-eabi/6.3.1/../../../../arm-atollic-eabi/lib/armv7-m/libc_nano.a(lib_a-sbrkr.o)
                0x0000000008006d58                _sbrk_r
 .text.__malloc_lock
                0x0000000008006d78        0x2 /opt/Atollic_TrueSTUDIO_for_STM32_x86_64_9.0.1/ARMTools/bin/../lib/gcc/arm-atollic-eabi/6.3.1/../../../../arm-atollic-eabi/lib/armv7-m/libc_nano.a(lib_a-mlock.o)
                0x0000000008006d78                __malloc_lock
 .text.__malloc_unlock
                0x0000000008006d7a        0x2 /opt/Atollic_TrueSTUDIO_for_STM32_x86_64_9.0.1/ARMTools/bin/../lib/gcc/arm-atollic-eabi/6.3.1/../../../../arm-atollic-eabi/lib/armv7-m/libc_nano.a(lib_a-mlock.o)
                0x0000000008006d7a                __malloc_unlock
 .text._malloc_usable_size_r
                0x0000000008006d7c       0x12 /opt/Atollic_TrueSTUDIO_for_STM32_x86_64_9.0.1/ARMTools/bin/../lib/gcc/arm-atollic-eabi/6.3.1/../../../../arm-atollic-eabi/lib/armv7-m/libc_nano.a(lib_a-nano-msizer.o)
                0x0000000008006d7c                _malloc_usable_size_r
 *fill*         0x0000000008006d8e        0x2 
 .text._sbrk    0x0000000008006d90       0x1c /opt/Atollic_TrueSTUDIO_for_STM32_x86_64_9.0.1/ARMTools/bin/../lib/gcc/arm-atollic-eabi/6.3.1/../../../../arm-atollic-eabi/lib/armv7-m/libnosys.a(sbrk.o)
                0x0000000008006d90                _sbrk
 *(.glue_7)
 .glue_7        0x0000000008006dac        0x0 linker stubs
 *(.glue_7t)
 .glue_7t       0x0000000008006dac        0x0 linker stubs
 *(.eh_frame)
 .eh_frame      0x0000000008006dac        0x0 /opt/Atollic_TrueSTUDIO_for_STM32_x86_64_9.0.1/ARMTools/bin/../lib/gcc/arm-atollic-eabi/6.3.1/armv7-m/crtbegin.o
 *(.init)
 .init          0x0000000008006dac        0x4 /opt/Atollic_TrueSTUDIO_for_STM32_x86_64_9.0.1/ARMTools/bin/../lib/gcc/arm-atollic-eabi/6.3.1/armv7-m/crti.o
                0x0000000008006dac                _init
 .init          0x0000000008006db0        0x8 /opt/Atollic_TrueSTUDIO_for_STM32_x86_64_9.0.1/ARMTools/bin/../lib/gcc/arm-atollic-eabi/6.3.1/armv7-m/crtn.o
 *(.fini)
 .fini          0x0000000008006db8        0x4 /opt/Atollic_TrueSTUDIO_for_STM32_x86_64_9.0.1/ARMTools/bin/../lib/gcc/arm-atollic-eabi/6.3.1/armv7-m/crti.o
                0x0000000008006db8                _fini
 .fini          0x0000000008006dbc        0x8 /opt/Atollic_TrueSTUDIO_for_STM32_x86_64_9.0.1/ARMTools/bin/../lib/gcc/arm-atollic-eabi/6.3.1/armv7-m/crtn.o
                0x0000000008006dc4                . = ALIGN (0x4)
                0x0000000008006dc4                _etext = .

.vfp11_veneer   0x0000000008006dc4        0x0
 .vfp11_veneer  0x0000000008006dc4        0x0 linker stubs

.v4_bx          0x0000000008006dc4        0x0
 .v4_bx         0x0000000008006dc4        0x0 linker stubs

.iplt           0x0000000008006dc4        0x0
 .iplt          0x0000000008006dc4        0x0 /opt/Atollic_TrueSTUDIO_for_STM32_x86_64_9.0.1/ARMTools/bin/../lib/gcc/arm-atollic-eabi/6.3.1/armv7-m/crtbegin.o

.rodata         0x0000000008006dc4       0xd4
                0x0000000008006dc4                . = ALIGN (0x4)
 *(.rodata)
 .rodata        0x0000000008006dc4       0x12 Drivers/STM32F1xx_HAL_Driver/stm32f1xx_hal_rcc.o
 *fill*         0x0000000008006dd6        0x2 
 .rodata        0x0000000008006dd8       0x56 Src/main.o
 *fill*         0x0000000008006e2e        0x2 
 .rodata        0x0000000008006e30       0x1b Src/stm32f1xx_hal_msp.o
 *(.rodata*)
 *fill*         0x0000000008006e4b        0x1 
 .rodata.AHBPrescTable
                0x0000000008006e4c       0x10 Src/system_stm32f1xx.o
                0x0000000008006e4c                AHBPrescTable
 .rodata.APBPrescTable
                0x0000000008006e5c        0x8 Src/system_stm32f1xx.o
                0x0000000008006e5c                APBPrescTable
 .rodata._svfprintf_r.str1.1
                0x0000000008006e64       0x11 /opt/Atollic_TrueSTUDIO_for_STM32_x86_64_9.0.1/ARMTools/bin/../lib/gcc/arm-atollic-eabi/6.3.1/../../../../arm-atollic-eabi/lib/armv7-m/libc_nano.a(lib_a-nano-svfprintf.o)
 .rodata._printf_i.str1.1
                0x0000000008006e75       0x22 /opt/Atollic_TrueSTUDIO_for_STM32_x86_64_9.0.1/ARMTools/bin/../lib/gcc/arm-atollic-eabi/6.3.1/../../../../arm-atollic-eabi/lib/armv7-m/libc_nano.a(lib_a-nano-vfprintf_i.o)
                0x0000000008006e98                . = ALIGN (0x4)
 *fill*         0x0000000008006e97        0x1 

.rel.dyn        0x0000000008006e98        0x0
 .rel.iplt      0x0000000008006e98        0x0 /opt/Atollic_TrueSTUDIO_for_STM32_x86_64_9.0.1/ARMTools/bin/../lib/gcc/arm-atollic-eabi/6.3.1/armv7-m/crtbegin.o

.ARM.extab
 *(.ARM.extab* .gnu.linkonce.armextab.*)

.ARM            0x0000000008006e98        0x0
                0x0000000008006e98                __exidx_start = .
 *(.ARM.exidx*)
                0x0000000008006e98                __exidx_end = .

.preinit_array  0x0000000008006e98        0x0
                0x0000000008006e98                PROVIDE (__preinit_array_start, .)
 *(.preinit_array*)
                0x0000000008006e98                PROVIDE (__preinit_array_end, .)

.init_array     0x0000000008006e98        0x4
                0x0000000008006e98                PROVIDE (__init_array_start, .)
 *(SORT(.init_array.*))
 *(.init_array*)
 .init_array    0x0000000008006e98        0x4 /opt/Atollic_TrueSTUDIO_for_STM32_x86_64_9.0.1/ARMTools/bin/../lib/gcc/arm-atollic-eabi/6.3.1/armv7-m/crtbegin.o
                0x0000000008006e9c                PROVIDE (__init_array_end, .)

.fini_array     0x0000000008006e9c        0x4
                [!provide]                        PROVIDE (__fini_array_start, .)
 *(SORT(.fini_array.*))
 *(.fini_array*)
 .fini_array    0x0000000008006e9c        0x4 /opt/Atollic_TrueSTUDIO_for_STM32_x86_64_9.0.1/ARMTools/bin/../lib/gcc/arm-atollic-eabi/6.3.1/armv7-m/crtbegin.o
                [!provide]                        PROVIDE (__fini_array_end, .)
                0x0000000008006ea0                _sidata = LOADADDR (.data)

.data           0x0000000020000000      0x268 load address 0x0000000008006ea0
                0x0000000020000000                . = ALIGN (0x4)
                0x0000000020000000                _sdata = .
 *(.data)
 *(.data*)
 .data.min_diff
                0x0000000020000000        0x4 Src/main.o
                0x0000000020000000                min_diff
 .data.Temp_lookup_table
                0x0000000020000004      0x1f8 Src/main.o
                0x0000000020000004                Temp_lookup_table
 .data.lms_     0x00000000200001fc        0x1 Src/main.o
                0x00000000200001fc                lms_
 *fill*         0x00000000200001fd        0x3 
 .data.SystemCoreClock
                0x0000000020000200        0x4 Src/system_stm32f1xx.o
                0x0000000020000200                SystemCoreClock
 .data._impure_ptr
                0x0000000020000204        0x4 /opt/Atollic_TrueSTUDIO_for_STM32_x86_64_9.0.1/ARMTools/bin/../lib/gcc/arm-atollic-eabi/6.3.1/../../../../arm-atollic-eabi/lib/armv7-m/libc_nano.a(lib_a-impure.o)
                0x0000000020000204                _impure_ptr
 .data.impure_data
                0x0000000020000208       0x60 /opt/Atollic_TrueSTUDIO_for_STM32_x86_64_9.0.1/ARMTools/bin/../lib/gcc/arm-atollic-eabi/6.3.1/../../../../arm-atollic-eabi/lib/armv7-m/libc_nano.a(lib_a-impure.o)
                0x0000000020000268                . = ALIGN (0x4)
                0x0000000020000268                _edata = .

.igot.plt       0x0000000020000268        0x0 load address 0x0000000008007108
 .igot.plt      0x0000000020000268        0x0 /opt/Atollic_TrueSTUDIO_for_STM32_x86_64_9.0.1/ARMTools/bin/../lib/gcc/arm-atollic-eabi/6.3.1/armv7-m/crtbegin.o
                0x0000000020000268                . = ALIGN (0x4)

.bss            0x0000000020000268      0x2bc load address 0x0000000008007108
                0x0000000020000268                _sbss = .
                0x0000000020000268                __bss_start__ = _sbss
 *(.bss)
 .bss           0x0000000020000268       0x1c /opt/Atollic_TrueSTUDIO_for_STM32_x86_64_9.0.1/ARMTools/bin/../lib/gcc/arm-atollic-eabi/6.3.1/armv7-m/crtbegin.o
 *(.bss*)
 .bss.adc1_value_temp
                0x0000000020000284        0x4 Src/main.o
                0x0000000020000284                adc1_value_temp
 .bss.adc1_value_batt
                0x0000000020000288        0x4 Src/main.o
                0x0000000020000288                adc1_value_batt
 .bss.NTC_value
                0x000000002000028c        0x4 Src/main.o
                0x000000002000028c                NTC_value
 .bss.data_complete
                0x0000000020000290        0x1 Src/main.o
                0x0000000020000290                data_complete
 *fill*         0x0000000020000291        0x1 
 .bss.data_id   0x0000000020000292        0x2 Src/main.o
                0x0000000020000292                data_id
 .bss.len       0x0000000020000294        0x1 Src/main.o
                0x0000000020000294                len
 .bss.data_order
                0x0000000020000295        0x1 Src/main.o
                0x0000000020000295                data_order
 .bss.data_order_2
                0x0000000020000296        0x1 Src/main.o
                0x0000000020000296                data_order_2
 .bss.workflow  0x0000000020000297        0x1 Src/main.o
                0x0000000020000297                workflow
 .bss.wait_motor
                0x0000000020000298        0x1 Src/main.o
                0x0000000020000298                wait_motor
 *fill*         0x0000000020000299        0x3 
 .bss.__malloc_free_list
                0x000000002000029c        0x4 /opt/Atollic_TrueSTUDIO_for_STM32_x86_64_9.0.1/ARMTools/bin/../lib/gcc/arm-atollic-eabi/6.3.1/../../../../arm-atollic-eabi/lib/armv7-m/libc_nano.a(lib_a-nano-mallocr.o)
                0x000000002000029c                __malloc_free_list
 .bss.__malloc_sbrk_start
                0x00000000200002a0        0x4 /opt/Atollic_TrueSTUDIO_for_STM32_x86_64_9.0.1/ARMTools/bin/../lib/gcc/arm-atollic-eabi/6.3.1/../../../../arm-atollic-eabi/lib/armv7-m/libc_nano.a(lib_a-nano-mallocr.o)
                0x00000000200002a0                __malloc_sbrk_start
 .bss.heap_end.4116
                0x00000000200002a4        0x4 /opt/Atollic_TrueSTUDIO_for_STM32_x86_64_9.0.1/ARMTools/bin/../lib/gcc/arm-atollic-eabi/6.3.1/../../../../arm-atollic-eabi/lib/armv7-m/libnosys.a(sbrk.o)
 *(COMMON)
 COMMON         0x00000000200002a8        0x4 Drivers/STM32F1xx_HAL_Driver/stm32f1xx_hal.o
                0x00000000200002a8                uwTick
 COMMON         0x00000000200002ac      0x274 Src/main.o
                0x00000000200002ac                htim4
                0x00000000200002ec                data_reorder
                0x00000000200002f4                htim3
                0x0000000020000334                hadc1
                0x0000000020000364                hdma_usart1_rx
                0x00000000200003a8                huart1
                0x00000000200003e8                receive_data
                0x00000000200003f0                buffer
                0x0000000020000454                hdma_adc1
                0x0000000020000498                adc1_value
                0x00000000200004a0                htim1
                0x00000000200004e0                htim2
 COMMON         0x0000000020000520        0x4 /opt/Atollic_TrueSTUDIO_for_STM32_x86_64_9.0.1/ARMTools/bin/../lib/gcc/arm-atollic-eabi/6.3.1/../../../../arm-atollic-eabi/lib/armv7-m/libc_nano.a(lib_a-reent.o)
                0x0000000020000520                errno
                0x0000000020000524                . = ALIGN (0x4)
                0x0000000020000524                _ebss = .
                0x0000000020000524                __bss_end__ = _ebss

._user_heap_stack
                0x0000000020000524      0x600 load address 0x0000000008007108
                0x0000000020000524                . = ALIGN (0x4)
                0x0000000020000524                PROVIDE (end, .)
                [!provide]                        PROVIDE (_end, .)
                0x0000000020000724                . = (. + _Min_Heap_Size)
 *fill*         0x0000000020000524      0x200 
                0x0000000020000b24                . = (. + _Min_Stack_Size)
 *fill*         0x0000000020000724      0x400 
                0x0000000020000b24                . = ALIGN (0x4)

/DISCARD/
 libc.a(*)
 libm.a(*)
 libgcc.a(*)

.ARM.attributes
                0x0000000000000000       0x29
 *(.ARM.attributes)
 .ARM.attributes
                0x0000000000000000       0x1d /opt/Atollic_TrueSTUDIO_for_STM32_x86_64_9.0.1/ARMTools/bin/../lib/gcc/arm-atollic-eabi/6.3.1/armv7-m/crti.o
 .ARM.attributes
                0x000000000000001d       0x2d /opt/Atollic_TrueSTUDIO_for_STM32_x86_64_9.0.1/ARMTools/bin/../lib/gcc/arm-atollic-eabi/6.3.1/armv7-m/crtbegin.o
 .ARM.attributes
                0x000000000000004a       0x33 Drivers/STM32F1xx_HAL_Driver/stm32f1xx_hal.o
 .ARM.attributes
                0x000000000000007d       0x33 Drivers/STM32F1xx_HAL_Driver/stm32f1xx_hal_adc.o
 .ARM.attributes
                0x00000000000000b0       0x33 Drivers/STM32F1xx_HAL_Driver/stm32f1xx_hal_adc_ex.o
 .ARM.attributes
                0x00000000000000e3       0x33 Drivers/STM32F1xx_HAL_Driver/stm32f1xx_hal_cortex.o
 .ARM.attributes
                0x0000000000000116       0x33 Drivers/STM32F1xx_HAL_Driver/stm32f1xx_hal_dma.o
 .ARM.attributes
                0x0000000000000149       0x33 Drivers/STM32F1xx_HAL_Driver/stm32f1xx_hal_gpio.o
 .ARM.attributes
                0x000000000000017c       0x33 Drivers/STM32F1xx_HAL_Driver/stm32f1xx_hal_rcc.o
 .ARM.attributes
                0x00000000000001af       0x33 Drivers/STM32F1xx_HAL_Driver/stm32f1xx_hal_rcc_ex.o
 .ARM.attributes
                0x00000000000001e2       0x33 Drivers/STM32F1xx_HAL_Driver/stm32f1xx_hal_tim.o
 .ARM.attributes
                0x0000000000000215       0x33 Drivers/STM32F1xx_HAL_Driver/stm32f1xx_hal_tim_ex.o
 .ARM.attributes
                0x0000000000000248       0x33 Drivers/STM32F1xx_HAL_Driver/stm32f1xx_hal_uart.o
 .ARM.attributes
                0x000000000000027b       0x33 Src/main.o
 .ARM.attributes
                0x00000000000002ae       0x33 Src/stm32f1xx_hal_msp.o
 .ARM.attributes
                0x00000000000002e1       0x33 Src/stm32f1xx_it.o
 .ARM.attributes
                0x0000000000000314       0x33 Src/system_stm32f1xx.o
 .ARM.attributes
                0x0000000000000347       0x21 startup/startup_stm32f103xe.o
 .ARM.attributes
                0x0000000000000368       0x2d /opt/Atollic_TrueSTUDIO_for_STM32_x86_64_9.0.1/ARMTools/bin/../lib/gcc/arm-atollic-eabi/6.3.1/../../../../arm-atollic-eabi/lib/armv7-m/libc_nano.a(lib_a-init.o)
 .ARM.attributes
                0x0000000000000395       0x2d /opt/Atollic_TrueSTUDIO_for_STM32_x86_64_9.0.1/ARMTools/bin/../lib/gcc/arm-atollic-eabi/6.3.1/../../../../arm-atollic-eabi/lib/armv7-m/libc_nano.a(lib_a-snprintf.o)
 .ARM.attributes
                0x00000000000003c2       0x2d /opt/Atollic_TrueSTUDIO_for_STM32_x86_64_9.0.1/ARMTools/bin/../lib/gcc/arm-atollic-eabi/6.3.1/../../../../arm-atollic-eabi/lib/armv7-m/libc_nano.a(lib_a-impure.o)
 .ARM.attributes
                0x00000000000003ef       0x2d /opt/Atollic_TrueSTUDIO_for_STM32_x86_64_9.0.1/ARMTools/bin/../lib/gcc/arm-atollic-eabi/6.3.1/../../../../arm-atollic-eabi/lib/armv7-m/libc_nano.a(lib_a-nano-svfprintf.o)
 .ARM.attributes
                0x000000000000041c       0x2d /opt/Atollic_TrueSTUDIO_for_STM32_x86_64_9.0.1/ARMTools/bin/../lib/gcc/arm-atollic-eabi/6.3.1/../../../../arm-atollic-eabi/lib/armv7-m/libc_nano.a(lib_a-nano-vfprintf_i.o)
 .ARM.attributes
                0x0000000000000449       0x2d /opt/Atollic_TrueSTUDIO_for_STM32_x86_64_9.0.1/ARMTools/bin/../lib/gcc/arm-atollic-eabi/6.3.1/../../../../arm-atollic-eabi/lib/armv7-m/libc_nano.a(lib_a-memchr-stub.o)
 .ARM.attributes
                0x0000000000000476       0x2d /opt/Atollic_TrueSTUDIO_for_STM32_x86_64_9.0.1/ARMTools/bin/../lib/gcc/arm-atollic-eabi/6.3.1/../../../../arm-atollic-eabi/lib/armv7-m/libc_nano.a(lib_a-memcpy-stub.o)
 .ARM.attributes
                0x00000000000004a3       0x2d /opt/Atollic_TrueSTUDIO_for_STM32_x86_64_9.0.1/ARMTools/bin/../lib/gcc/arm-atollic-eabi/6.3.1/../../../../arm-atollic-eabi/lib/armv7-m/libc_nano.a(lib_a-memmove.o)
 .ARM.attributes
                0x00000000000004d0       0x2d /opt/Atollic_TrueSTUDIO_for_STM32_x86_64_9.0.1/ARMTools/bin/../lib/gcc/arm-atollic-eabi/6.3.1/../../../../arm-atollic-eabi/lib/armv7-m/libc_nano.a(lib_a-nano-freer.o)
 .ARM.attributes
                0x00000000000004fd       0x2d /opt/Atollic_TrueSTUDIO_for_STM32_x86_64_9.0.1/ARMTools/bin/../lib/gcc/arm-atollic-eabi/6.3.1/../../../../arm-atollic-eabi/lib/armv7-m/libc_nano.a(lib_a-nano-mallocr.o)
 .ARM.attributes
                0x000000000000052a       0x2d /opt/Atollic_TrueSTUDIO_for_STM32_x86_64_9.0.1/ARMTools/bin/../lib/gcc/arm-atollic-eabi/6.3.1/../../../../arm-atollic-eabi/lib/armv7-m/libc_nano.a(lib_a-nano-reallocr.o)
 .ARM.attributes
                0x0000000000000557       0x2d /opt/Atollic_TrueSTUDIO_for_STM32_x86_64_9.0.1/ARMTools/bin/../lib/gcc/arm-atollic-eabi/6.3.1/../../../../arm-atollic-eabi/lib/armv7-m/libc_nano.a(lib_a-sbrkr.o)
 .ARM.attributes
                0x0000000000000584       0x2d /opt/Atollic_TrueSTUDIO_for_STM32_x86_64_9.0.1/ARMTools/bin/../lib/gcc/arm-atollic-eabi/6.3.1/../../../../arm-atollic-eabi/lib/armv7-m/libc_nano.a(lib_a-mlock.o)
 .ARM.attributes
                0x00000000000005b1       0x2d /opt/Atollic_TrueSTUDIO_for_STM32_x86_64_9.0.1/ARMTools/bin/../lib/gcc/arm-atollic-eabi/6.3.1/../../../../arm-atollic-eabi/lib/armv7-m/libc_nano.a(lib_a-nano-msizer.o)
 .ARM.attributes
                0x00000000000005de       0x2d /opt/Atollic_TrueSTUDIO_for_STM32_x86_64_9.0.1/ARMTools/bin/../lib/gcc/arm-atollic-eabi/6.3.1/../../../../arm-atollic-eabi/lib/armv7-m/libc_nano.a(lib_a-reent.o)
 .ARM.attributes
                0x000000000000060b       0x1d /opt/Atollic_TrueSTUDIO_for_STM32_x86_64_9.0.1/ARMTools/bin/../lib/gcc/arm-atollic-eabi/6.3.1/armv7-m/libgcc.a(_arm_addsubdf3.o)
 .ARM.attributes
                0x0000000000000628       0x1d /opt/Atollic_TrueSTUDIO_for_STM32_x86_64_9.0.1/ARMTools/bin/../lib/gcc/arm-atollic-eabi/6.3.1/armv7-m/libgcc.a(_arm_muldivdf3.o)
 .ARM.attributes
                0x0000000000000645       0x1d /opt/Atollic_TrueSTUDIO_for_STM32_x86_64_9.0.1/ARMTools/bin/../lib/gcc/arm-atollic-eabi/6.3.1/armv7-m/libgcc.a(_arm_cmpdf2.o)
 .ARM.attributes
                0x0000000000000662       0x1d /opt/Atollic_TrueSTUDIO_for_STM32_x86_64_9.0.1/ARMTools/bin/../lib/gcc/arm-atollic-eabi/6.3.1/armv7-m/libgcc.a(_arm_truncdfsf2.o)
 .ARM.attributes
                0x000000000000067f       0x1d /opt/Atollic_TrueSTUDIO_for_STM32_x86_64_9.0.1/ARMTools/bin/../lib/gcc/arm-atollic-eabi/6.3.1/armv7-m/libgcc.a(_arm_addsubsf3.o)
 .ARM.attributes
                0x000000000000069c       0x1d /opt/Atollic_TrueSTUDIO_for_STM32_x86_64_9.0.1/ARMTools/bin/../lib/gcc/arm-atollic-eabi/6.3.1/armv7-m/libgcc.a(_arm_muldivsf3.o)
 .ARM.attributes
                0x00000000000006b9       0x1d /opt/Atollic_TrueSTUDIO_for_STM32_x86_64_9.0.1/ARMTools/bin/../lib/gcc/arm-atollic-eabi/6.3.1/armv7-m/libgcc.a(_arm_cmpsf2.o)
 .ARM.attributes
                0x00000000000006d6       0x2d /opt/Atollic_TrueSTUDIO_for_STM32_x86_64_9.0.1/ARMTools/bin/../lib/gcc/arm-atollic-eabi/6.3.1/../../../../arm-atollic-eabi/lib/armv7-m/libnosys.a(sbrk.o)
 .ARM.attributes
                0x0000000000000703       0x1d /opt/Atollic_TrueSTUDIO_for_STM32_x86_64_9.0.1/ARMTools/bin/../lib/gcc/arm-atollic-eabi/6.3.1/armv7-m/crtn.o
OUTPUT(Charge_Station.elf elf32-littlearm)

.debug_info     0x0000000000000000    0x13196
 .debug_info    0x0000000000000000      0xe9b Drivers/STM32F1xx_HAL_Driver/stm32f1xx_hal.o
 .debug_info    0x0000000000000e9b     0x1419 Drivers/STM32F1xx_HAL_Driver/stm32f1xx_hal_adc.o
 .debug_info    0x00000000000022b4     0x11b3 Drivers/STM32F1xx_HAL_Driver/stm32f1xx_hal_adc_ex.o
 .debug_info    0x0000000000003467     0x1369 Drivers/STM32F1xx_HAL_Driver/stm32f1xx_hal_cortex.o
 .debug_info    0x00000000000047d0      0xf6c Drivers/STM32F1xx_HAL_Driver/stm32f1xx_hal_dma.o
 .debug_info    0x000000000000573c      0xe66 Drivers/STM32F1xx_HAL_Driver/stm32f1xx_hal_gpio.o
 .debug_info    0x00000000000065a2      0xfcc Drivers/STM32F1xx_HAL_Driver/stm32f1xx_hal_rcc.o
 .debug_info    0x000000000000756e      0xc1e Drivers/STM32F1xx_HAL_Driver/stm32f1xx_hal_rcc_ex.o
 .debug_info    0x000000000000818c     0x29cc Drivers/STM32F1xx_HAL_Driver/stm32f1xx_hal_tim.o
 .debug_info    0x000000000000ab58     0x177b Drivers/STM32F1xx_HAL_Driver/stm32f1xx_hal_tim_ex.o
 .debug_info    0x000000000000c2d3     0x1997 Drivers/STM32F1xx_HAL_Driver/stm32f1xx_hal_uart.o
 .debug_info    0x000000000000dc6a     0x1ea0 Src/main.o
 .debug_info    0x000000000000fb0a     0x1720 Src/stm32f1xx_hal_msp.o
 .debug_info    0x000000000001122a     0x12de Src/stm32f1xx_it.o
 .debug_info    0x0000000000012508      0xc04 Src/system_stm32f1xx.o
 .debug_info    0x000000000001310c       0x8a startup/startup_stm32f103xe.o

.debug_abbrev   0x0000000000000000     0x24de
 .debug_abbrev  0x0000000000000000      0x28f Drivers/STM32F1xx_HAL_Driver/stm32f1xx_hal.o
 .debug_abbrev  0x000000000000028f      0x232 Drivers/STM32F1xx_HAL_Driver/stm32f1xx_hal_adc.o
 .debug_abbrev  0x00000000000004c1      0x252 Drivers/STM32F1xx_HAL_Driver/stm32f1xx_hal_adc_ex.o
 .debug_abbrev  0x0000000000000713      0x368 Drivers/STM32F1xx_HAL_Driver/stm32f1xx_hal_cortex.o
 .debug_abbrev  0x0000000000000a7b      0x26a Drivers/STM32F1xx_HAL_Driver/stm32f1xx_hal_dma.o
 .debug_abbrev  0x0000000000000ce5      0x24c Drivers/STM32F1xx_HAL_Driver/stm32f1xx_hal_gpio.o
 .debug_abbrev  0x0000000000000f31      0x2d3 Drivers/STM32F1xx_HAL_Driver/stm32f1xx_hal_rcc.o
 .debug_abbrev  0x0000000000001204      0x223 Drivers/STM32F1xx_HAL_Driver/stm32f1xx_hal_rcc_ex.o
 .debug_abbrev  0x0000000000001427      0x2ab Drivers/STM32F1xx_HAL_Driver/stm32f1xx_hal_tim.o
 .debug_abbrev  0x00000000000016d2      0x288 Drivers/STM32F1xx_HAL_Driver/stm32f1xx_hal_tim_ex.o
 .debug_abbrev  0x000000000000195a      0x2ae Drivers/STM32F1xx_HAL_Driver/stm32f1xx_hal_uart.o
 .debug_abbrev  0x0000000000001c08      0x2c4 Src/main.o
 .debug_abbrev  0x0000000000001ecc      0x239 Src/stm32f1xx_hal_msp.o
 .debug_abbrev  0x0000000000002105      0x1dc Src/stm32f1xx_it.o
 .debug_abbrev  0x00000000000022e1      0x1eb Src/system_stm32f1xx.o
 .debug_abbrev  0x00000000000024cc       0x12 startup/startup_stm32f103xe.o

.debug_aranges  0x0000000000000000      0xd18
 .debug_aranges
                0x0000000000000000       0xb8 Drivers/STM32F1xx_HAL_Driver/stm32f1xx_hal.o
 .debug_aranges
                0x00000000000000b8       0xf0 Drivers/STM32F1xx_HAL_Driver/stm32f1xx_hal_adc.o
 .debug_aranges
                0x00000000000001a8       0x80 Drivers/STM32F1xx_HAL_Driver/stm32f1xx_hal_adc_ex.o
 .debug_aranges
                0x0000000000000228      0x100 Drivers/STM32F1xx_HAL_Driver/stm32f1xx_hal_cortex.o
 .debug_aranges
                0x0000000000000328       0x80 Drivers/STM32F1xx_HAL_Driver/stm32f1xx_hal_dma.o
 .debug_aranges
                0x00000000000003a8       0x58 Drivers/STM32F1xx_HAL_Driver/stm32f1xx_hal_gpio.o
 .debug_aranges
                0x0000000000000400       0x90 Drivers/STM32F1xx_HAL_Driver/stm32f1xx_hal_rcc.o
 .debug_aranges
                0x0000000000000490       0x30 Drivers/STM32F1xx_HAL_Driver/stm32f1xx_hal_rcc_ex.o
 .debug_aranges
                0x00000000000004c0      0x368 Drivers/STM32F1xx_HAL_Driver/stm32f1xx_hal_tim.o
 .debug_aranges
                0x0000000000000828      0x138 Drivers/STM32F1xx_HAL_Driver/stm32f1xx_hal_tim_ex.o
 .debug_aranges
                0x0000000000000960      0x1d0 Drivers/STM32F1xx_HAL_Driver/stm32f1xx_hal_uart.o
 .debug_aranges
                0x0000000000000b30       0xa8 Src/main.o
 .debug_aranges
                0x0000000000000bd8       0x58 Src/stm32f1xx_hal_msp.o
 .debug_aranges
                0x0000000000000c30       0x98 Src/stm32f1xx_it.o
 .debug_aranges
                0x0000000000000cc8       0x28 Src/system_stm32f1xx.o
 .debug_aranges
                0x0000000000000cf0       0x28 startup/startup_stm32f103xe.o

.debug_ranges   0x0000000000000000      0xc68
 .debug_ranges  0x0000000000000000       0xa8 Drivers/STM32F1xx_HAL_Driver/stm32f1xx_hal.o
 .debug_ranges  0x00000000000000a8       0xe0 Drivers/STM32F1xx_HAL_Driver/stm32f1xx_hal_adc.o
 .debug_ranges  0x0000000000000188       0x70 Drivers/STM32F1xx_HAL_Driver/stm32f1xx_hal_adc_ex.o
 .debug_ranges  0x00000000000001f8       0xf0 Drivers/STM32F1xx_HAL_Driver/stm32f1xx_hal_cortex.o
 .debug_ranges  0x00000000000002e8       0x70 Drivers/STM32F1xx_HAL_Driver/stm32f1xx_hal_dma.o
 .debug_ranges  0x0000000000000358       0x48 Drivers/STM32F1xx_HAL_Driver/stm32f1xx_hal_gpio.o
 .debug_ranges  0x00000000000003a0       0x80 Drivers/STM32F1xx_HAL_Driver/stm32f1xx_hal_rcc.o
 .debug_ranges  0x0000000000000420       0x20 Drivers/STM32F1xx_HAL_Driver/stm32f1xx_hal_rcc_ex.o
 .debug_ranges  0x0000000000000440      0x358 Drivers/STM32F1xx_HAL_Driver/stm32f1xx_hal_tim.o
 .debug_ranges  0x0000000000000798      0x128 Drivers/STM32F1xx_HAL_Driver/stm32f1xx_hal_tim_ex.o
 .debug_ranges  0x00000000000008c0      0x1c0 Drivers/STM32F1xx_HAL_Driver/stm32f1xx_hal_uart.o
 .debug_ranges  0x0000000000000a80       0xe0 Src/main.o
 .debug_ranges  0x0000000000000b60       0x48 Src/stm32f1xx_hal_msp.o
 .debug_ranges  0x0000000000000ba8       0x88 Src/stm32f1xx_it.o
 .debug_ranges  0x0000000000000c30       0x18 Src/system_stm32f1xx.o
 .debug_ranges  0x0000000000000c48       0x20 startup/startup_stm32f103xe.o

.debug_line     0x0000000000000000     0x7472
 .debug_line    0x0000000000000000      0x4c2 Drivers/STM32F1xx_HAL_Driver/stm32f1xx_hal.o
 .debug_line    0x00000000000004c2      0x8c5 Drivers/STM32F1xx_HAL_Driver/stm32f1xx_hal_adc.o
 .debug_line    0x0000000000000d87      0x72c Drivers/STM32F1xx_HAL_Driver/stm32f1xx_hal_adc_ex.o
 .debug_line    0x00000000000014b3      0x58e Drivers/STM32F1xx_HAL_Driver/stm32f1xx_hal_cortex.o
 .debug_line    0x0000000000001a41      0xc2f Drivers/STM32F1xx_HAL_Driver/stm32f1xx_hal_dma.o
 .debug_line    0x0000000000002670      0x588 Drivers/STM32F1xx_HAL_Driver/stm32f1xx_hal_gpio.o
 .debug_line    0x0000000000002bf8      0x62a Drivers/STM32F1xx_HAL_Driver/stm32f1xx_hal_rcc.o
 .debug_line    0x0000000000003222      0x430 Drivers/STM32F1xx_HAL_Driver/stm32f1xx_hal_rcc_ex.o
 .debug_line    0x0000000000003652     0x14be Drivers/STM32F1xx_HAL_Driver/stm32f1xx_hal_tim.o
 .debug_line    0x0000000000004b10      0x913 Drivers/STM32F1xx_HAL_Driver/stm32f1xx_hal_tim_ex.o
 .debug_line    0x0000000000005423      0xc50 Drivers/STM32F1xx_HAL_Driver/stm32f1xx_hal_uart.o
 .debug_line    0x0000000000006073      0x7d2 Src/main.o
 .debug_line    0x0000000000006845      0x468 Src/stm32f1xx_hal_msp.o
 .debug_line    0x0000000000006cad      0x46e Src/stm32f1xx_it.o
 .debug_line    0x000000000000711b      0x2da Src/system_stm32f1xx.o
 .debug_line    0x00000000000073f5       0x7d startup/startup_stm32f103xe.o

.debug_str      0x0000000000000000     0x416e
 .debug_str     0x0000000000000000      0xbff Drivers/STM32F1xx_HAL_Driver/stm32f1xx_hal.o
                                        0xca0 (size before relaxing)
 .debug_str     0x0000000000000bff      0x60e Drivers/STM32F1xx_HAL_Driver/stm32f1xx_hal_adc.o
                                        0xcf0 (size before relaxing)
 .debug_str     0x000000000000120d      0x2ef Drivers/STM32F1xx_HAL_Driver/stm32f1xx_hal_adc_ex.o
                                        0xca0 (size before relaxing)
 .debug_str     0x00000000000014fc      0x361 Drivers/STM32F1xx_HAL_Driver/stm32f1xx_hal_cortex.o
                                        0xe49 (size before relaxing)
 .debug_str     0x000000000000185d      0x275 Drivers/STM32F1xx_HAL_Driver/stm32f1xx_hal_dma.o
                                        0xabd (size before relaxing)
 .debug_str     0x0000000000001ad2      0x20c Drivers/STM32F1xx_HAL_Driver/stm32f1xx_hal_gpio.o
                                        0x8d2 (size before relaxing)
 .debug_str     0x0000000000001cde      0x34b Drivers/STM32F1xx_HAL_Driver/stm32f1xx_hal_rcc.o
                                        0xa82 (size before relaxing)
 .debug_str     0x0000000000002029      0x18c Drivers/STM32F1xx_HAL_Driver/stm32f1xx_hal_rcc_ex.o
                                        0x892 (size before relaxing)
 .debug_str     0x00000000000021b5      0xf0a Drivers/STM32F1xx_HAL_Driver/stm32f1xx_hal_tim.o
                                       0x17ac (size before relaxing)
 .debug_str     0x00000000000030bf      0x562 Drivers/STM32F1xx_HAL_Driver/stm32f1xx_hal_tim_ex.o
                                       0x1049 (size before relaxing)
 .debug_str     0x0000000000003621      0x711 Drivers/STM32F1xx_HAL_Driver/stm32f1xx_hal_uart.o
                                        0xfb4 (size before relaxing)
 .debug_str     0x0000000000003d32      0x28a Src/main.o
                                       0x1715 (size before relaxing)
 .debug_str     0x0000000000003fbc       0x39 Src/stm32f1xx_hal_msp.o
                                       0x11e1 (size before relaxing)
 .debug_str     0x0000000000003ff5      0x12c Src/stm32f1xx_it.o
                                        0xdcf (size before relaxing)
 .debug_str     0x0000000000004121       0x4d Src/system_stm32f1xx.o
                                        0x700 (size before relaxing)

.comment        0x0000000000000000       0x7c
 .comment       0x0000000000000000       0x7c Drivers/STM32F1xx_HAL_Driver/stm32f1xx_hal.o
                                         0x7d (size before relaxing)
 .comment       0x000000000000007c       0x7d Drivers/STM32F1xx_HAL_Driver/stm32f1xx_hal_adc.o
 .comment       0x000000000000007c       0x7d Drivers/STM32F1xx_HAL_Driver/stm32f1xx_hal_adc_ex.o
 .comment       0x000000000000007c       0x7d Drivers/STM32F1xx_HAL_Driver/stm32f1xx_hal_cortex.o
 .comment       0x000000000000007c       0x7d Drivers/STM32F1xx_HAL_Driver/stm32f1xx_hal_dma.o
 .comment       0x000000000000007c       0x7d Drivers/STM32F1xx_HAL_Driver/stm32f1xx_hal_gpio.o
 .comment       0x000000000000007c       0x7d Drivers/STM32F1xx_HAL_Driver/stm32f1xx_hal_rcc.o
 .comment       0x000000000000007c       0x7d Drivers/STM32F1xx_HAL_Driver/stm32f1xx_hal_rcc_ex.o
 .comment       0x000000000000007c       0x7d Drivers/STM32F1xx_HAL_Driver/stm32f1xx_hal_tim.o
 .comment       0x000000000000007c       0x7d Drivers/STM32F1xx_HAL_Driver/stm32f1xx_hal_tim_ex.o
 .comment       0x000000000000007c       0x7d Drivers/STM32F1xx_HAL_Driver/stm32f1xx_hal_uart.o
 .comment       0x000000000000007c       0x7d Src/main.o
 .comment       0x000000000000007c       0x7d Src/stm32f1xx_hal_msp.o
 .comment       0x000000000000007c       0x7d Src/stm32f1xx_it.o
 .comment       0x000000000000007c       0x7d Src/system_stm32f1xx.o

.debug_frame    0x0000000000000000     0x3cac
 .debug_frame   0x0000000000000000      0x298 Drivers/STM32F1xx_HAL_Driver/stm32f1xx_hal.o
 .debug_frame   0x0000000000000298      0x410 Drivers/STM32F1xx_HAL_Driver/stm32f1xx_hal_adc.o
 .debug_frame   0x00000000000006a8      0x208 Drivers/STM32F1xx_HAL_Driver/stm32f1xx_hal_adc_ex.o
 .debug_frame   0x00000000000008b0      0x428 Drivers/STM32F1xx_HAL_Driver/stm32f1xx_hal_cortex.o
 .debug_frame   0x0000000000000cd8      0x20c Drivers/STM32F1xx_HAL_Driver/stm32f1xx_hal_dma.o
 .debug_frame   0x0000000000000ee4      0x14c Drivers/STM32F1xx_HAL_Driver/stm32f1xx_hal_gpio.o
 .debug_frame   0x0000000000001030      0x218 Drivers/STM32F1xx_HAL_Driver/stm32f1xx_hal_rcc.o
 .debug_frame   0x0000000000001248       0x84 Drivers/STM32F1xx_HAL_Driver/stm32f1xx_hal_rcc_ex.o
 .debug_frame   0x00000000000012cc      0xfb4 Drivers/STM32F1xx_HAL_Driver/stm32f1xx_hal_tim.o
 .debug_frame   0x0000000000002280      0x54c Drivers/STM32F1xx_HAL_Driver/stm32f1xx_hal_tim_ex.o
 .debug_frame   0x00000000000027cc      0x83c Drivers/STM32F1xx_HAL_Driver/stm32f1xx_hal_uart.o
 .debug_frame   0x0000000000003008      0x274 Src/main.o
 .debug_frame   0x000000000000327c      0x130 Src/stm32f1xx_hal_msp.o
 .debug_frame   0x00000000000033ac      0x1d0 Src/stm32f1xx_it.o
 .debug_frame   0x000000000000357c       0x58 Src/system_stm32f1xx.o
 .debug_frame   0x00000000000035d4       0x2c /opt/Atollic_TrueSTUDIO_for_STM32_x86_64_9.0.1/ARMTools/bin/../lib/gcc/arm-atollic-eabi/6.3.1/../../../../arm-atollic-eabi/lib/armv7-m/libc_nano.a(lib_a-init.o)
 .debug_frame   0x0000000000003600       0x7c /opt/Atollic_TrueSTUDIO_for_STM32_x86_64_9.0.1/ARMTools/bin/../lib/gcc/arm-atollic-eabi/6.3.1/../../../../arm-atollic-eabi/lib/armv7-m/libc_nano.a(lib_a-snprintf.o)
 .debug_frame   0x000000000000367c       0x90 /opt/Atollic_TrueSTUDIO_for_STM32_x86_64_9.0.1/ARMTools/bin/../lib/gcc/arm-atollic-eabi/6.3.1/../../../../arm-atollic-eabi/lib/armv7-m/libc_nano.a(lib_a-nano-svfprintf.o)
 .debug_frame   0x000000000000370c       0x60 /opt/Atollic_TrueSTUDIO_for_STM32_x86_64_9.0.1/ARMTools/bin/../lib/gcc/arm-atollic-eabi/6.3.1/../../../../arm-atollic-eabi/lib/armv7-m/libc_nano.a(lib_a-nano-vfprintf_i.o)
 .debug_frame   0x000000000000376c       0x28 /opt/Atollic_TrueSTUDIO_for_STM32_x86_64_9.0.1/ARMTools/bin/../lib/gcc/arm-atollic-eabi/6.3.1/../../../../arm-atollic-eabi/lib/armv7-m/libc_nano.a(lib_a-memchr-stub.o)
 .debug_frame   0x0000000000003794       0x28 /opt/Atollic_TrueSTUDIO_for_STM32_x86_64_9.0.1/ARMTools/bin/../lib/gcc/arm-atollic-eabi/6.3.1/../../../../arm-atollic-eabi/lib/armv7-m/libc_nano.a(lib_a-memcpy-stub.o)
 .debug_frame   0x00000000000037bc       0x28 /opt/Atollic_TrueSTUDIO_for_STM32_x86_64_9.0.1/ARMTools/bin/../lib/gcc/arm-atollic-eabi/6.3.1/../../../../arm-atollic-eabi/lib/armv7-m/libc_nano.a(lib_a-memmove.o)
 .debug_frame   0x00000000000037e4       0x38 /opt/Atollic_TrueSTUDIO_for_STM32_x86_64_9.0.1/ARMTools/bin/../lib/gcc/arm-atollic-eabi/6.3.1/../../../../arm-atollic-eabi/lib/armv7-m/libc_nano.a(lib_a-nano-freer.o)
 .debug_frame   0x000000000000381c       0x2c /opt/Atollic_TrueSTUDIO_for_STM32_x86_64_9.0.1/ARMTools/bin/../lib/gcc/arm-atollic-eabi/6.3.1/../../../../arm-atollic-eabi/lib/armv7-m/libc_nano.a(lib_a-nano-mallocr.o)
 .debug_frame   0x0000000000003848       0x3c /opt/Atollic_TrueSTUDIO_for_STM32_x86_64_9.0.1/ARMTools/bin/../lib/gcc/arm-atollic-eabi/6.3.1/../../../../arm-atollic-eabi/lib/armv7-m/libc_nano.a(lib_a-nano-reallocr.o)
 .debug_frame   0x0000000000003884       0x2c /opt/Atollic_TrueSTUDIO_for_STM32_x86_64_9.0.1/ARMTools/bin/../lib/gcc/arm-atollic-eabi/6.3.1/../../../../arm-atollic-eabi/lib/armv7-m/libc_nano.a(lib_a-sbrkr.o)
 .debug_frame   0x00000000000038b0       0x30 /opt/Atollic_TrueSTUDIO_for_STM32_x86_64_9.0.1/ARMTools/bin/../lib/gcc/arm-atollic-eabi/6.3.1/../../../../arm-atollic-eabi/lib/armv7-m/libc_nano.a(lib_a-mlock.o)
 .debug_frame   0x00000000000038e0       0x20 /opt/Atollic_TrueSTUDIO_for_STM32_x86_64_9.0.1/ARMTools/bin/../lib/gcc/arm-atollic-eabi/6.3.1/../../../../arm-atollic-eabi/lib/armv7-m/libc_nano.a(lib_a-nano-msizer.o)
 .debug_frame   0x0000000000003900       0x5c /opt/Atollic_TrueSTUDIO_for_STM32_x86_64_9.0.1/ARMTools/bin/../lib/gcc/arm-atollic-eabi/6.3.1/../../../../arm-atollic-eabi/lib/armv7-m/libc_nano.a(lib_a-reent.o)
 .debug_frame   0x000000000000395c       0xac /opt/Atollic_TrueSTUDIO_for_STM32_x86_64_9.0.1/ARMTools/bin/../lib/gcc/arm-atollic-eabi/6.3.1/armv7-m/libgcc.a(_arm_addsubdf3.o)
 .debug_frame   0x0000000000003a08       0x50 /opt/Atollic_TrueSTUDIO_for_STM32_x86_64_9.0.1/ARMTools/bin/../lib/gcc/arm-atollic-eabi/6.3.1/armv7-m/libgcc.a(_arm_muldivdf3.o)
 .debug_frame   0x0000000000003a58       0xc4 /opt/Atollic_TrueSTUDIO_for_STM32_x86_64_9.0.1/ARMTools/bin/../lib/gcc/arm-atollic-eabi/6.3.1/armv7-m/libgcc.a(_arm_cmpdf2.o)
 .debug_frame   0x0000000000003b1c       0x24 /opt/Atollic_TrueSTUDIO_for_STM32_x86_64_9.0.1/ARMTools/bin/../lib/gcc/arm-atollic-eabi/6.3.1/armv7-m/libgcc.a(_arm_truncdfsf2.o)
 .debug_frame   0x0000000000003b40       0x4c /opt/Atollic_TrueSTUDIO_for_STM32_x86_64_9.0.1/ARMTools/bin/../lib/gcc/arm-atollic-eabi/6.3.1/armv7-m/libgcc.a(_arm_addsubsf3.o)
 .debug_frame   0x0000000000003b8c       0x38 /opt/Atollic_TrueSTUDIO_for_STM32_x86_64_9.0.1/ARMTools/bin/../lib/gcc/arm-atollic-eabi/6.3.1/armv7-m/libgcc.a(_arm_muldivsf3.o)
 .debug_frame   0x0000000000003bc4       0xc8 /opt/Atollic_TrueSTUDIO_for_STM32_x86_64_9.0.1/ARMTools/bin/../lib/gcc/arm-atollic-eabi/6.3.1/armv7-m/libgcc.a(_arm_cmpsf2.o)
 .debug_frame   0x0000000000003c8c       0x20 /opt/Atollic_TrueSTUDIO_for_STM32_x86_64_9.0.1/ARMTools/bin/../lib/gcc/arm-atollic-eabi/6.3.1/../../../../arm-atollic-eabi/lib/armv7-m/libnosys.a(sbrk.o)
