main.c:151:5:main	88	static
main.c:342:6:HAL_TIM_PeriodElapsedCallback	32	static
main.c:361:6:battery_indicator	8	static
main.c:401:6:Motor_Forward	8	static
main.c:406:6:Motor_Backward	8	static
main.c:411:6:Motor_Off	8	static
main.c:416:6:get_data	32	static
main.c:459:6:delay_us	16	static
main.c:466:6:SystemClock_Config	96	static
main.c:521:13:MX_ADC1_Init	24	static
main.c:571:13:MX_TIM1_Init	88	static
main.c:638:13:MX_TIM2_Init	64	static
main.c:686:13:MX_TIM3_Init	32	static
main.c:719:13:MX_TIM4_Init	32	static
main.c:752:13:MX_USART1_UART_Init	8	static
main.c:773:13:MX_DMA_Init	16	static
main.c:795:13:MX_GPIO_Init	40	static
main.c:859:6:_Error_Handler	16	static
